[debug] [2025-10-04T11:54:39.011Z] ----------------------------------------------------------------------
[debug] [2025-10-04T11:54:39.014Z] Command:       C:\Program Files\nodejs\node.exe C:\Users\Asus\AppData\Roaming\npm\node_modules\firebase-tools\lib\bin\firebase.js deploy --only functions
[debug] [2025-10-04T11:54:39.015Z] CLI Version:   14.18.0
[debug] [2025-10-04T11:54:39.015Z] Platform:      win32
[debug] [2025-10-04T11:54:39.015Z] Node Version:  v22.17.0
[debug] [2025-10-04T11:54:39.015Z] Time:          Sat Oct 04 2025 17:24:39 GMT+0530 (India Standard Time)
[debug] [2025-10-04T11:54:39.015Z] ----------------------------------------------------------------------
[debug] 
[debug] [2025-10-04T11:54:39.263Z] > command requires scopes: ["email","openid","https://www.googleapis.com/auth/cloudplatformprojects.readonly","https://www.googleapis.com/auth/firebase","https://www.googleapis.com/auth/cloud-platform"]
[debug] [2025-10-04T11:54:39.264Z] > authorizing via signed-in user (kaleakshay089@gmail.com)
[debug] [2025-10-04T11:54:39.264Z] [iam] checking project teamup-70c1d for permissions ["cloudfunctions.functions.create","cloudfunctions.functions.delete","cloudfunctions.functions.get","cloudfunctions.functions.list","cloudfunctions.functions.update","cloudfunctions.operations.get","firebase.projects.get"]
[debug] [2025-10-04T11:54:39.266Z] Checked if tokens are valid: true, expires at: 1759581442833
[debug] [2025-10-04T11:54:39.266Z] Checked if tokens are valid: true, expires at: 1759581442833
[debug] [2025-10-04T11:54:39.267Z] >>> [apiv2][query] POST https://cloudresourcemanager.googleapis.com/v1/projects/teamup-70c1d:testIamPermissions [none]
[debug] [2025-10-04T11:54:39.267Z] >>> [apiv2][(partial)header] POST https://cloudresourcemanager.googleapis.com/v1/projects/teamup-70c1d:testIamPermissions x-goog-quota-user=projects/teamup-70c1d
[debug] [2025-10-04T11:54:39.267Z] >>> [apiv2][body] POST https://cloudresourcemanager.googleapis.com/v1/projects/teamup-70c1d:testIamPermissions {"permissions":["cloudfunctions.functions.create","cloudfunctions.functions.delete","cloudfunctions.functions.get","cloudfunctions.functions.list","cloudfunctions.functions.update","cloudfunctions.operations.get","firebase.projects.get"]}
[debug] [2025-10-04T11:54:41.023Z] <<< [apiv2][status] POST https://cloudresourcemanager.googleapis.com/v1/projects/teamup-70c1d:testIamPermissions 200
[debug] [2025-10-04T11:54:41.024Z] <<< [apiv2][body] POST https://cloudresourcemanager.googleapis.com/v1/projects/teamup-70c1d:testIamPermissions {"permissions":["cloudfunctions.functions.create","cloudfunctions.functions.delete","cloudfunctions.functions.get","cloudfunctions.functions.list","cloudfunctions.functions.update","cloudfunctions.operations.get","firebase.projects.get"]}
[debug] [2025-10-04T11:54:41.024Z] Checked if tokens are valid: true, expires at: 1759581442833
[debug] [2025-10-04T11:54:41.024Z] Checked if tokens are valid: true, expires at: 1759581442833
[debug] [2025-10-04T11:54:41.024Z] >>> [apiv2][query] POST https://iam.googleapis.com/v1/projects/teamup-70c1d/serviceAccounts/teamup-70c1d@appspot.gserviceaccount.com:testIamPermissions [none]
[debug] [2025-10-04T11:54:41.024Z] >>> [apiv2][body] POST https://iam.googleapis.com/v1/projects/teamup-70c1d/serviceAccounts/teamup-70c1d@appspot.gserviceaccount.com:testIamPermissions {"permissions":["iam.serviceAccounts.actAs"]}
[debug] [2025-10-04T11:54:42.847Z] <<< [apiv2][status] POST https://iam.googleapis.com/v1/projects/teamup-70c1d/serviceAccounts/teamup-70c1d@appspot.gserviceaccount.com:testIamPermissions 404
[debug] [2025-10-04T11:54:42.847Z] <<< [apiv2][body] POST https://iam.googleapis.com/v1/projects/teamup-70c1d/serviceAccounts/teamup-70c1d@appspot.gserviceaccount.com:testIamPermissions {"error":{"code":404,"message":"Unknown service account","status":"NOT_FOUND"}}
[debug] [2025-10-04T11:54:42.847Z] [functions] service account IAM check errored, deploy may fail: Request to https://iam.googleapis.com/v1/projects/teamup-70c1d/serviceAccounts/teamup-70c1d@appspot.gserviceaccount.com:testIamPermissions had HTTP Error: 404, Unknown service account {"name":"FirebaseError","children":[],"context":{"body":{"error":{"code":404,"message":"Unknown service account","status":"NOT_FOUND"}},"response":{"statusCode":404}},"exit":1,"message":"Request to https://iam.googleapis.com/v1/projects/teamup-70c1d/serviceAccounts/teamup-70c1d@appspot.gserviceaccount.com:testIamPermissions had HTTP Error: 404, Unknown service account","status":404}
[info] 
[info] === Deploying to 'teamup-70c1d'...
[info] 
[info] i  deploying functions 
[info] Running command: npm --prefix "$RESOURCE_DIR" run lint
[info] +  functions: Finished running predeploy script. 
[debug] [2025-10-04T11:54:47.099Z] Checked if tokens are valid: true, expires at: 1759581442833
[debug] [2025-10-04T11:54:47.099Z] Checked if tokens are valid: true, expires at: 1759581442833
[debug] [2025-10-04T11:54:47.099Z] >>> [apiv2][query] GET https://cloudresourcemanager.googleapis.com/v1/projects/teamup-70c1d [none]
[debug] [2025-10-04T11:54:48.712Z] <<< [apiv2][status] GET https://cloudresourcemanager.googleapis.com/v1/projects/teamup-70c1d 200
[debug] [2025-10-04T11:54:48.712Z] <<< [apiv2][body] GET https://cloudresourcemanager.googleapis.com/v1/projects/teamup-70c1d {"projectNumber":"217627363376","projectId":"teamup-70c1d","lifecycleState":"ACTIVE","name":"TeamUP","labels":{"firebase":"enabled","firebase-core":"disabled"},"createTime":"2025-06-10T13:27:04.353598Z"}
[info] i  functions: preparing codebase default for deployment 
[info] i  functions: ensuring required API cloudfunctions.googleapis.com is enabled... 
[info] i  functions: ensuring required API cloudbuild.googleapis.com is enabled... 
[info] i  artifactregistry: ensuring required API artifactregistry.googleapis.com is enabled... 
[debug] [2025-10-04T11:54:48.715Z] Checked if tokens are valid: true, expires at: 1759581442833
[debug] [2025-10-04T11:54:48.715Z] Checked if tokens are valid: true, expires at: 1759581442833
[debug] [2025-10-04T11:54:48.715Z] >>> [apiv2][query] GET https://firebase.googleapis.com/v1beta1/projects/teamup-70c1d/adminSdkConfig [none]
[debug] [2025-10-04T11:54:49.229Z] <<< [apiv2][status] GET https://firebase.googleapis.com/v1beta1/projects/teamup-70c1d/adminSdkConfig 200
[debug] [2025-10-04T11:54:49.229Z] <<< [apiv2][body] GET https://firebase.googleapis.com/v1beta1/projects/teamup-70c1d/adminSdkConfig {"projectId":"teamup-70c1d","storageBucket":"teamup-70c1d.firebasestorage.app"}
[debug] [2025-10-04T11:54:49.230Z] Checked if tokens are valid: true, expires at: 1759581442833
[debug] [2025-10-04T11:54:49.230Z] Checked if tokens are valid: true, expires at: 1759581442833
[debug] [2025-10-04T11:54:49.230Z] >>> [apiv2][query] GET https://runtimeconfig.googleapis.com/v1beta1/projects/teamup-70c1d/configs [none]
[debug] [2025-10-04T11:54:50.558Z] <<< [apiv2][status] GET https://runtimeconfig.googleapis.com/v1beta1/projects/teamup-70c1d/configs 200
[debug] [2025-10-04T11:54:50.558Z] <<< [apiv2][body] GET https://runtimeconfig.googleapis.com/v1beta1/projects/teamup-70c1d/configs {}
[debug] [2025-10-04T11:54:50.560Z] Validating nodejs source
[warn] !  functions: Runtime Node.js 18 was deprecated on 2025-04-30 and will be decommissioned on 2025-10-30, after which you will not be able to deploy without upgrading. Consider upgrading now to avoid disruption. See https://cloud.google.com/functions/docs/runtime-support for full details on the lifecycle policy 
[debug] [2025-10-04T11:54:52.199Z] > [functions] package.json contents: {
  "name": "functions",
  "description": "Cloud Functions for Firebase",
  "scripts": {
    "lint": "eslint .",
    "serve": "firebase emulators:start --only functions",
    "shell": "firebase functions:shell",
    "start": "npm run shell",
    "deploy": "firebase deploy --only functions",
    "logs": "firebase functions:log"
  },
  "engines": {
    "node": "18"
  },
  "main": "index.js",
  "dependencies": {
    "firebase-admin": "^12.6.0",
    "firebase-functions": "^6.0.1"
  },
  "devDependencies": {
    "eslint": "^8.15.0",
    "eslint-config-google": "^0.14.0",
    "firebase-functions-test": "^3.1.0"
  },
  "private": true
}
[debug] [2025-10-04T11:54:52.200Z] Building nodejs source
[info] i  functions: Loading and analyzing source code for codebase default to determine what to deploy 
[debug] [2025-10-04T11:54:52.201Z] Could not find functions.yaml. Must use http discovery
[debug] [2025-10-04T11:54:52.209Z] Found firebase-functions binary at 'D:\Teamup2.O\TeamUP-App\functions\node_modules\.bin\firebase-functions'
[info] Serving at port 8222

[info] [dotenv@17.2.3] injecting env (2) from .env -- tip: ⚙️  enable debug logging with { debug: true }

[debug] [2025-10-04T11:54:53.751Z] Got response from /__/functions.yaml {"endpoints":{"api":{"availableMemoryMb":null,"timeoutSeconds":null,"minInstances":null,"maxInstances":null,"ingressSettings":null,"concurrency":null,"serviceAccountEmail":null,"vpc":null,"platform":"gcfv2","labels":{},"httpsTrigger":{},"entryPoint":"api"}},"specVersion":"v1alpha1","requiredAPIs":[],"extensions":{}}
[info] i  extensions: ensuring required API firebaseextensions.googleapis.com is enabled... 
[debug] [2025-10-04T11:54:57.803Z] > command requires scopes: ["email","openid","https://www.googleapis.com/auth/cloudplatformprojects.readonly","https://www.googleapis.com/auth/firebase","https://www.googleapis.com/auth/cloud-platform"]
[debug] [2025-10-04T11:54:57.803Z] > authorizing via signed-in user (kaleakshay089@gmail.com)
[debug] [2025-10-04T11:54:57.804Z] [iam] checking project teamup-70c1d for permissions ["firebase.projects.get","firebaseextensions.instances.list"]
[debug] [2025-10-04T11:54:57.804Z] Checked if tokens are valid: true, expires at: 1759581442833
[debug] [2025-10-04T11:54:57.804Z] Checked if tokens are valid: true, expires at: 1759581442833
[debug] [2025-10-04T11:54:57.804Z] >>> [apiv2][query] POST https://cloudresourcemanager.googleapis.com/v1/projects/teamup-70c1d:testIamPermissions [none]
[debug] [2025-10-04T11:54:57.804Z] >>> [apiv2][(partial)header] POST https://cloudresourcemanager.googleapis.com/v1/projects/teamup-70c1d:testIamPermissions x-goog-quota-user=projects/teamup-70c1d
[debug] [2025-10-04T11:54:57.804Z] >>> [apiv2][body] POST https://cloudresourcemanager.googleapis.com/v1/projects/teamup-70c1d:testIamPermissions {"permissions":["firebase.projects.get","firebaseextensions.instances.list"]}
[debug] [2025-10-04T11:54:59.590Z] <<< [apiv2][status] POST https://cloudresourcemanager.googleapis.com/v1/projects/teamup-70c1d:testIamPermissions 200
[debug] [2025-10-04T11:54:59.591Z] <<< [apiv2][body] POST https://cloudresourcemanager.googleapis.com/v1/projects/teamup-70c1d:testIamPermissions {"permissions":["firebase.projects.get","firebaseextensions.instances.list"]}
[debug] [2025-10-04T11:54:59.591Z] Checked if tokens are valid: true, expires at: 1759581442833
[debug] [2025-10-04T11:54:59.591Z] Checked if tokens are valid: true, expires at: 1759581442833
[debug] [2025-10-04T11:54:59.591Z] >>> [apiv2][query] GET https://firebaseextensions.googleapis.com/v1beta/projects/teamup-70c1d/instances pageSize=100&pageToken=
[debug] [2025-10-04T11:55:01.514Z] <<< [apiv2][status] GET https://firebaseextensions.googleapis.com/v1beta/projects/teamup-70c1d/instances 200
[debug] [2025-10-04T11:55:01.514Z] <<< [apiv2][body] GET https://firebaseextensions.googleapis.com/v1beta/projects/teamup-70c1d/instances {}
[info] i  functions: Loaded environment variables from .env. 
[info] i  functions: preparing functions directory for uploading... 
[info] i  functions: packaged D:\Teamup2.O\TeamUP-App\functions (77.51 KB) for uploading 
[debug] [2025-10-04T11:55:01.569Z] Checked if tokens are valid: true, expires at: 1759581442833
[debug] [2025-10-04T11:55:01.569Z] Checked if tokens are valid: true, expires at: 1759581442833
[debug] [2025-10-04T11:55:01.570Z] >>> [apiv2][query] GET https://cloudfunctions.googleapis.com/v1/projects/teamup-70c1d/locations/-/functions [none]
[debug] [2025-10-04T11:55:02.570Z] <<< [apiv2][status] GET https://cloudfunctions.googleapis.com/v1/projects/teamup-70c1d/locations/-/functions 200
[debug] [2025-10-04T11:55:02.570Z] <<< [apiv2][body] GET https://cloudfunctions.googleapis.com/v1/projects/teamup-70c1d/locations/-/functions {}
[debug] [2025-10-04T11:55:02.570Z] Checked if tokens are valid: true, expires at: 1759581442833
[debug] [2025-10-04T11:55:02.571Z] Checked if tokens are valid: true, expires at: 1759581442833
[debug] [2025-10-04T11:55:02.571Z] >>> [apiv2][query] GET https://cloudfunctions.googleapis.com/v2/projects/teamup-70c1d/locations/-/functions filter=environment%3D%22GEN_2%22
[debug] [2025-10-04T11:55:04.393Z] <<< [apiv2][status] GET https://cloudfunctions.googleapis.com/v2/projects/teamup-70c1d/locations/-/functions 200
[debug] [2025-10-04T11:55:04.393Z] <<< [apiv2][body] GET https://cloudfunctions.googleapis.com/v2/projects/teamup-70c1d/locations/-/functions {"functions":[{"name":"projects/teamup-70c1d/locations/us-central1/functions/createOrder","buildConfig":{"build":"projects/217627363376/locations/us-central1/builds/a9a01385-8338-40d1-a921-ba32aa129905","runtime":"nodejs22","entryPoint":"createOrder","source":{"storageSource":{"bucket":"gcf-v2-sources-217627363376-us-central1","object":"createOrder/function-source.zip","generation":"1759578427217980"}},"environmentVariables":{"GOOGLE_NODE_RUN_SCRIPTS":""},"dockerRepository":"projects/teamup-70c1d/locations/us-central1/repositories/gcf-artifacts","sourceProvenance":{"resolvedStorageSource":{"bucket":"gcf-v2-sources-217627363376-us-central1","object":"createOrder/function-source.zip","generation":"1759578427217980"}},"dockerRegistry":"ARTIFACT_REGISTRY","serviceAccount":"projects/teamup-70c1d/serviceAccounts/217627363376-compute@developer.gserviceaccount.com","automaticUpdatePolicy":{}},"state":"FAILED","updateTime":"2025-10-04T11:49:37.347982465Z","labels":{"deployment-tool":"cli-firebase","firebase-functions-hash":"4279be1127c403d00dda96d80939c985fd8761eb"},"stateMessages":[{"severity":"ERROR","type":"CloudRunServiceNotFound","message":"Cloud Run service projects/teamup-70c1d/locations/us-central1/services/createorder for the function was not found. The function will not work correctly. Please redeploy."}],"environment":"GEN_2","url":"https://us-central1-teamup-70c1d.cloudfunctions.net/createOrder","createTime":"2025-10-04T11:47:07.694524159Z","satisfiesPzi":true}]}
[info] i  functions: ensuring required API run.googleapis.com is enabled... 
[info] i  functions: ensuring required API eventarc.googleapis.com is enabled... 
[info] i  functions: ensuring required API pubsub.googleapis.com is enabled... 
[info] i  functions: ensuring required API storage.googleapis.com is enabled... 
[info] i  functions: generating the service identity for pubsub.googleapis.com... 
[debug] [2025-10-04T11:55:04.398Z] Checked if tokens are valid: true, expires at: 1759581442833
[debug] [2025-10-04T11:55:04.399Z] Checked if tokens are valid: true, expires at: 1759581442833
[info] i  functions: generating the service identity for eventarc.googleapis.com... 
[debug] [2025-10-04T11:55:04.399Z] Checked if tokens are valid: true, expires at: 1759581442833
[debug] [2025-10-04T11:55:04.399Z] Checked if tokens are valid: true, expires at: 1759581442833
[debug] [2025-10-04T11:55:04.399Z] >>> [apiv2][query] POST https://serviceusage.googleapis.com/v1beta1/projects/217627363376/services/pubsub.googleapis.com:generateServiceIdentity [none]
[debug] [2025-10-04T11:55:04.399Z] >>> [apiv2][(partial)header] POST https://serviceusage.googleapis.com/v1beta1/projects/217627363376/services/pubsub.googleapis.com:generateServiceIdentity x-goog-quota-user=projects/217627363376
[debug] [2025-10-04T11:55:04.399Z] >>> [apiv2][body] POST https://serviceusage.googleapis.com/v1beta1/projects/217627363376/services/pubsub.googleapis.com:generateServiceIdentity {}
[debug] [2025-10-04T11:55:04.401Z] >>> [apiv2][query] POST https://serviceusage.googleapis.com/v1beta1/projects/217627363376/services/eventarc.googleapis.com:generateServiceIdentity [none]
[debug] [2025-10-04T11:55:04.401Z] >>> [apiv2][(partial)header] POST https://serviceusage.googleapis.com/v1beta1/projects/217627363376/services/eventarc.googleapis.com:generateServiceIdentity x-goog-quota-user=projects/217627363376
[debug] [2025-10-04T11:55:04.401Z] >>> [apiv2][body] POST https://serviceusage.googleapis.com/v1beta1/projects/217627363376/services/eventarc.googleapis.com:generateServiceIdentity {}
[debug] [2025-10-04T11:55:06.390Z] <<< [apiv2][status] POST https://serviceusage.googleapis.com/v1beta1/projects/217627363376/services/eventarc.googleapis.com:generateServiceIdentity 200
[debug] [2025-10-04T11:55:06.390Z] <<< [apiv2][body] POST https://serviceusage.googleapis.com/v1beta1/projects/217627363376/services/eventarc.googleapis.com:generateServiceIdentity {"name":"operations/finished.DONE_OPERATION","done":true,"response":{"@type":"type.googleapis.com/google.api.serviceusage.v1beta1.ServiceIdentity","email":"service-217627363376@gcp-sa-eventarc.iam.gserviceaccount.com","uniqueId":"105077616657377173471"}}
[debug] [2025-10-04T11:55:06.491Z] <<< [apiv2][status] POST https://serviceusage.googleapis.com/v1beta1/projects/217627363376/services/pubsub.googleapis.com:generateServiceIdentity 200
[debug] [2025-10-04T11:55:06.491Z] <<< [apiv2][body] POST https://serviceusage.googleapis.com/v1beta1/projects/217627363376/services/pubsub.googleapis.com:generateServiceIdentity {"name":"operations/finished.DONE_OPERATION","done":true,"response":{"@type":"type.googleapis.com/google.api.serviceusage.v1beta1.ServiceIdentity","email":"service-217627363376@gcp-sa-pubsub.iam.gserviceaccount.com","uniqueId":"112671788622982505407"}}
[debug] [2025-10-04T11:55:06.493Z] Checked if tokens are valid: true, expires at: 1759581442833
[debug] [2025-10-04T11:55:06.494Z] Checked if tokens are valid: true, expires at: 1759581442833
[debug] [2025-10-04T11:55:06.494Z] >>> [apiv2][query] GET https://cloudresourcemanager.googleapis.com/v1/projects/teamup-70c1d [none]
[debug] [2025-10-04T11:55:08.231Z] <<< [apiv2][status] GET https://cloudresourcemanager.googleapis.com/v1/projects/teamup-70c1d 200
[debug] [2025-10-04T11:55:08.231Z] <<< [apiv2][body] GET https://cloudresourcemanager.googleapis.com/v1/projects/teamup-70c1d {"projectNumber":"217627363376","projectId":"teamup-70c1d","lifecycleState":"ACTIVE","name":"TeamUP","labels":{"firebase":"enabled","firebase-core":"disabled"},"createTime":"2025-06-10T13:27:04.353598Z"}
[debug] [2025-10-04T11:55:08.231Z] Checked if tokens are valid: true, expires at: 1759581442833
[debug] [2025-10-04T11:55:08.231Z] Checked if tokens are valid: true, expires at: 1759581442833
[debug] [2025-10-04T11:55:08.231Z] >>> [apiv2][query] GET https://compute.googleapis.com/compute/v1/projects/217627363376 [none]
[debug] [2025-10-04T11:55:08.720Z] <<< [apiv2][status] GET https://compute.googleapis.com/compute/v1/projects/217627363376 403
[debug] [2025-10-04T11:55:08.721Z] <<< [apiv2][body] GET https://compute.googleapis.com/compute/v1/projects/217627363376 {"error":{"code":403,"message":"Compute Engine API has not been used in project 217627363376 before or it is disabled. Enable it by visiting https://console.developers.google.com/apis/api/compute.googleapis.com/overview?project=217627363376 then retry. If you enabled this API recently, wait a few minutes for the action to propagate to our systems and retry.","errors":[{"message":"Compute Engine API has not been used in project 217627363376 before or it is disabled. Enable it by visiting https://console.developers.google.com/apis/api/compute.googleapis.com/overview?project=217627363376 then retry. If you enabled this API recently, wait a few minutes for the action to propagate to our systems and retry.","domain":"usageLimits","reason":"accessNotConfigured","extendedHelp":"https://console.developers.google.com"}],"status":"PERMISSION_DENIED","details":[{"@type":"type.googleapis.com/google.rpc.ErrorInfo","reason":"SERVICE_DISABLED","domain":"googleapis.com","metadata":{"serviceTitle":"Compute Engine API","activationUrl":"https://console.developers.google.com/apis/api/compute.googleapis.com/overview?project=217627363376","service":"compute.googleapis.com","consumer":"projects/217627363376","containerInfo":"217627363376"}},{"@type":"type.googleapis.com/google.rpc.LocalizedMessage","locale":"en-US","message":"Compute Engine API has not been used in project 217627363376 before or it is disabled. Enable it by visiting https://console.developers.google.com/apis/api/compute.googleapis.com/overview?project=217627363376 then retry. If you enabled this API recently, wait a few minutes for the action to propagate to our systems and retry."},{"@type":"type.googleapis.com/google.rpc.Help","links":[{"description":"Google developers console API activation","url":"https://console.developers.google.com/apis/api/compute.googleapis.com/overview?project=217627363376"}]}]}}
[debug] [2025-10-04T11:55:08.721Z] unable to look up default compute service account. Falling back to 217627363376-compute@developer.gserviceaccount.com. Error: {"name":"FirebaseError","children":[],"context":{"body":{"error":{"code":403,"message":"Compute Engine API has not been used in project 217627363376 before or it is disabled. Enable it by visiting https://console.developers.google.com/apis/api/compute.googleapis.com/overview?project=217627363376 then retry. If you enabled this API recently, wait a few minutes for the action to propagate to our systems and retry.","errors":[{"message":"Compute Engine API has not been used in project 217627363376 before or it is disabled. Enable it by visiting https://console.developers.google.com/apis/api/compute.googleapis.com/overview?project=217627363376 then retry. If you enabled this API recently, wait a few minutes for the action to propagate to our systems and retry.","domain":"usageLimits","reason":"accessNotConfigured","extendedHelp":"https://console.developers.google.com"}],"status":"PERMISSION_DENIED","details":[{"@type":"type.googleapis.com/google.rpc.ErrorInfo","reason":"SERVICE_DISABLED","domain":"googleapis.com","metadata":{"serviceTitle":"Compute Engine API","activationUrl":"https://console.developers.google.com/apis/api/compute.googleapis.com/overview?project=217627363376","service":"compute.googleapis.com","consumer":"projects/217627363376","containerInfo":"217627363376"}},{"@type":"type.googleapis.com/google.rpc.LocalizedMessage","locale":"en-US","message":"Compute Engine API has not been used in project 217627363376 before or it is disabled. Enable it by visiting https://console.developers.google.com/apis/api/compute.googleapis.com/overview?project=217627363376 then retry. If you enabled this API recently, wait a few minutes for the action to propagate to our systems and retry."},{"@type":"type.googleapis.com/google.rpc.Help","links":[{"description":"Google developers console API activation","url":"https://console.developers.google.com/apis/api/compute.googleapis.com/overview?project=217627363376"}]}]}},"response":{"statusCode":403}},"exit":1,"message":"Request to https://compute.googleapis.com/compute/v1/projects/217627363376 had HTTP Error: 403, Compute Engine API has not been used in project 217627363376 before or it is disabled. Enable it by visiting https://console.developers.google.com/apis/api/compute.googleapis.com/overview?project=217627363376 then retry. If you enabled this API recently, wait a few minutes for the action to propagate to our systems and retry.","status":403}
[debug] [2025-10-04T11:55:08.721Z] Checked if tokens are valid: true, expires at: 1759581442833
[debug] [2025-10-04T11:55:08.721Z] Checked if tokens are valid: true, expires at: 1759581442833
[debug] [2025-10-04T11:55:08.721Z] >>> [apiv2][query] GET https://compute.googleapis.com/compute/v1/projects/217627363376 [none]
[debug] [2025-10-04T11:55:09.049Z] <<< [apiv2][status] GET https://compute.googleapis.com/compute/v1/projects/217627363376 403
[debug] [2025-10-04T11:55:09.049Z] <<< [apiv2][body] GET https://compute.googleapis.com/compute/v1/projects/217627363376 {"error":{"code":403,"message":"Compute Engine API has not been used in project 217627363376 before or it is disabled. Enable it by visiting https://console.developers.google.com/apis/api/compute.googleapis.com/overview?project=217627363376 then retry. If you enabled this API recently, wait a few minutes for the action to propagate to our systems and retry.","errors":[{"message":"Compute Engine API has not been used in project 217627363376 before or it is disabled. Enable it by visiting https://console.developers.google.com/apis/api/compute.googleapis.com/overview?project=217627363376 then retry. If you enabled this API recently, wait a few minutes for the action to propagate to our systems and retry.","domain":"usageLimits","reason":"accessNotConfigured","extendedHelp":"https://console.developers.google.com"}],"status":"PERMISSION_DENIED","details":[{"@type":"type.googleapis.com/google.rpc.ErrorInfo","reason":"SERVICE_DISABLED","domain":"googleapis.com","metadata":{"service":"compute.googleapis.com","activationUrl":"https://console.developers.google.com/apis/api/compute.googleapis.com/overview?project=217627363376","containerInfo":"217627363376","serviceTitle":"Compute Engine API","consumer":"projects/217627363376"}},{"@type":"type.googleapis.com/google.rpc.LocalizedMessage","locale":"en-US","message":"Compute Engine API has not been used in project 217627363376 before or it is disabled. Enable it by visiting https://console.developers.google.com/apis/api/compute.googleapis.com/overview?project=217627363376 then retry. If you enabled this API recently, wait a few minutes for the action to propagate to our systems and retry."},{"@type":"type.googleapis.com/google.rpc.Help","links":[{"description":"Google developers console API activation","url":"https://console.developers.google.com/apis/api/compute.googleapis.com/overview?project=217627363376"}]}]}}
[debug] [2025-10-04T11:55:09.050Z] unable to look up default compute service account. Falling back to 217627363376-compute@developer.gserviceaccount.com. Error: {"name":"FirebaseError","children":[],"context":{"body":{"error":{"code":403,"message":"Compute Engine API has not been used in project 217627363376 before or it is disabled. Enable it by visiting https://console.developers.google.com/apis/api/compute.googleapis.com/overview?project=217627363376 then retry. If you enabled this API recently, wait a few minutes for the action to propagate to our systems and retry.","errors":[{"message":"Compute Engine API has not been used in project 217627363376 before or it is disabled. Enable it by visiting https://console.developers.google.com/apis/api/compute.googleapis.com/overview?project=217627363376 then retry. If you enabled this API recently, wait a few minutes for the action to propagate to our systems and retry.","domain":"usageLimits","reason":"accessNotConfigured","extendedHelp":"https://console.developers.google.com"}],"status":"PERMISSION_DENIED","details":[{"@type":"type.googleapis.com/google.rpc.ErrorInfo","reason":"SERVICE_DISABLED","domain":"googleapis.com","metadata":{"service":"compute.googleapis.com","activationUrl":"https://console.developers.google.com/apis/api/compute.googleapis.com/overview?project=217627363376","containerInfo":"217627363376","serviceTitle":"Compute Engine API","consumer":"projects/217627363376"}},{"@type":"type.googleapis.com/google.rpc.LocalizedMessage","locale":"en-US","message":"Compute Engine API has not been used in project 217627363376 before or it is disabled. Enable it by visiting https://console.developers.google.com/apis/api/compute.googleapis.com/overview?project=217627363376 then retry. If you enabled this API recently, wait a few minutes for the action to propagate to our systems and retry."},{"@type":"type.googleapis.com/google.rpc.Help","links":[{"description":"Google developers console API activation","url":"https://console.developers.google.com/apis/api/compute.googleapis.com/overview?project=217627363376"}]}]}},"response":{"statusCode":403}},"exit":1,"message":"Request to https://compute.googleapis.com/compute/v1/projects/217627363376 had HTTP Error: 403, Compute Engine API has not been used in project 217627363376 before or it is disabled. Enable it by visiting https://console.developers.google.com/apis/api/compute.googleapis.com/overview?project=217627363376 then retry. If you enabled this API recently, wait a few minutes for the action to propagate to our systems and retry.","status":403}
[debug] [2025-10-04T11:55:09.050Z] Checked if tokens are valid: true, expires at: 1759581442833
[debug] [2025-10-04T11:55:09.051Z] Checked if tokens are valid: true, expires at: 1759581442833
[debug] [2025-10-04T11:55:09.051Z] >>> [apiv2][query] GET https://cloudbilling.googleapis.com/v1/projects/teamup-70c1d/billingInfo [none]
[debug] [2025-10-04T11:55:09.570Z] <<< [apiv2][status] GET https://cloudbilling.googleapis.com/v1/projects/teamup-70c1d/billingInfo 200
[debug] [2025-10-04T11:55:09.570Z] <<< [apiv2][body] GET https://cloudbilling.googleapis.com/v1/projects/teamup-70c1d/billingInfo {"name":"projects/teamup-70c1d/billingInfo","projectId":"teamup-70c1d","billingAccountName":"billingAccounts/01F25C-CD36B9-5C50A5","billingEnabled":true}
[debug] [2025-10-04T11:55:09.571Z] [functions] found 1 new HTTP functions, testing setIamPolicy permission...
[debug] [2025-10-04T11:55:09.571Z] Checked if tokens are valid: true, expires at: 1759581442833
[debug] [2025-10-04T11:55:09.571Z] Checked if tokens are valid: true, expires at: 1759581442833
[debug] [2025-10-04T11:55:09.572Z] >>> [apiv2][query] POST https://cloudresourcemanager.googleapis.com/v1/projects/teamup-70c1d:testIamPermissions [none]
[debug] [2025-10-04T11:55:09.572Z] >>> [apiv2][(partial)header] POST https://cloudresourcemanager.googleapis.com/v1/projects/teamup-70c1d:testIamPermissions x-goog-quota-user=projects/teamup-70c1d
[debug] [2025-10-04T11:55:09.572Z] >>> [apiv2][body] POST https://cloudresourcemanager.googleapis.com/v1/projects/teamup-70c1d:testIamPermissions {"permissions":["cloudfunctions.functions.setIamPolicy"]}
[debug] [2025-10-04T11:55:09.894Z] <<< [apiv2][status] POST https://cloudresourcemanager.googleapis.com/v1/projects/teamup-70c1d:testIamPermissions 200
[debug] [2025-10-04T11:55:09.895Z] <<< [apiv2][body] POST https://cloudresourcemanager.googleapis.com/v1/projects/teamup-70c1d:testIamPermissions {"permissions":["cloudfunctions.functions.setIamPolicy"]}
[debug] [2025-10-04T11:55:09.895Z] [functions] found setIamPolicy permission, proceeding with deploy
[debug] [2025-10-04T11:55:09.895Z] Checked if tokens are valid: true, expires at: 1759581442833
[debug] [2025-10-04T11:55:09.895Z] Checked if tokens are valid: true, expires at: 1759581442833
[debug] [2025-10-04T11:55:09.896Z] >>> [apiv2][query] POST https://cloudfunctions.googleapis.com/v2/projects/teamup-70c1d/locations/us-central1/functions:generateUploadUrl [none]
[debug] [2025-10-04T11:55:11.402Z] <<< [apiv2][status] POST https://cloudfunctions.googleapis.com/v2/projects/teamup-70c1d/locations/us-central1/functions:generateUploadUrl 200
[debug] [2025-10-04T11:55:11.402Z] <<< [apiv2][body] POST https://cloudfunctions.googleapis.com/v2/projects/teamup-70c1d/locations/us-central1/functions:generateUploadUrl {"uploadUrl":"https://storage.googleapis.com/gcf-v2-uploads-217627363376.us-central1.cloudfunctions.appspot.com/dd93e279-dbc9-4556-9164-ab4af2bb8186.zip?GoogleAccessId=service-217627363376@gcf-admin-robot.iam.gserviceaccount.com&Expires=1759580709&Signature=icTz496rR2CtKJPGPhFA8ylqopNrWnocIuh%2BQjOdERcKVFgdfYan77aookrGoBl4CnhIaYD2Jx6t8pSZVHzwzQvxW2bDfSy4VjmcgiTc%2Fn2qTDYqL3CfHFAXPk1nvPPxzmfJkPz45hUkyKYSZs6VyQ%2BauaH7kOIy5oSNX0Oi9NCLw2LB%2Fu0kEO9U9yDHZfnruWFAsGlYe8iksnunSfvlAo5SsRMB%2B1BPgCoZxOCxiNzOLPhPjnEFUlpO2302xj3g%2B9dBEXFOKusLybJ4hwvtyiYq9Wjoljgn86m8dFe8r8EVPwwFaBULfRYHj6RzVwm9gPQPJEzBXN1k9bpDBz5KUQ%3D%3D","storageSource":{"bucket":"gcf-v2-uploads-217627363376.us-central1.cloudfunctions.appspot.com","object":"dd93e279-dbc9-4556-9164-ab4af2bb8186.zip"}}
[debug] [2025-10-04T11:55:11.403Z] >>> [apiv2][query] PUT https://storage.googleapis.com/gcf-v2-uploads-217627363376.us-central1.cloudfunctions.appspot.com/dd93e279-dbc9-4556-9164-ab4af2bb8186.zip GoogleAccessId=service-217627363376%40gcf-admin-robot.iam.gserviceaccount.com&Expires=1759580709&Signature=icTz496rR2CtKJPGPhFA8ylqopNrWnocIuh%2BQjOdERcKVFgdfYan77aookrGoBl4CnhIaYD2Jx6t8pSZVHzwzQvxW2bDfSy4VjmcgiTc%2Fn2qTDYqL3CfHFAXPk1nvPPxzmfJkPz45hUkyKYSZs6VyQ%2BauaH7kOIy5oSNX0Oi9NCLw2LB%2Fu0kEO9U9yDHZfnruWFAsGlYe8iksnunSfvlAo5SsRMB%2B1BPgCoZxOCxiNzOLPhPjnEFUlpO2302xj3g%2B9dBEXFOKusLybJ4hwvtyiYq9Wjoljgn86m8dFe8r8EVPwwFaBULfRYHj6RzVwm9gPQPJEzBXN1k9bpDBz5KUQ%3D%3D
[debug] [2025-10-04T11:55:11.403Z] >>> [apiv2][body] PUT https://storage.googleapis.com/gcf-v2-uploads-217627363376.us-central1.cloudfunctions.appspot.com/dd93e279-dbc9-4556-9164-ab4af2bb8186.zip [stream]
[debug] [2025-10-04T11:55:12.814Z] <<< [apiv2][status] PUT https://storage.googleapis.com/gcf-v2-uploads-217627363376.us-central1.cloudfunctions.appspot.com/dd93e279-dbc9-4556-9164-ab4af2bb8186.zip 200
[debug] [2025-10-04T11:55:12.815Z] <<< [apiv2][body] PUT https://storage.googleapis.com/gcf-v2-uploads-217627363376.us-central1.cloudfunctions.appspot.com/dd93e279-dbc9-4556-9164-ab4af2bb8186.zip [omitted]
[info] +  functions: functions source uploaded successfully 
[info] i  functions: creating Node.js 18 (2nd Gen) function api(us-central1)... 
[debug] [2025-10-04T11:55:12.819Z] Checked if tokens are valid: true, expires at: 1759581442833
[debug] [2025-10-04T11:55:12.819Z] Checked if tokens are valid: true, expires at: 1759581442833
[debug] [2025-10-04T11:55:12.819Z] >>> [apiv2][query] POST https://cloudfunctions.googleapis.com/v2/projects/teamup-70c1d/locations/us-central1/functions functionId=api
[debug] [2025-10-04T11:55:12.819Z] >>> [apiv2][body] POST https://cloudfunctions.googleapis.com/v2/projects/teamup-70c1d/locations/us-central1/functions {"name":"projects/teamup-70c1d/locations/us-central1/functions/api","buildConfig":{"runtime":"nodejs18","entryPoint":"api","source":{"storageSource":{"bucket":"gcf-v2-uploads-217627363376.us-central1.cloudfunctions.appspot.com","object":"dd93e279-dbc9-4556-9164-ab4af2bb8186.zip"}},"environmentVariables":{"GOOGLE_NODE_RUN_SCRIPTS":""}},"serviceConfig":{"environmentVariables":{"RAZORPAY_KEY_ID":"rzp_test_RPLdFyPwusgD4p","RAZORPAY_KEY_SECRET":"NhfD6LLzX0VPE8v1YK4Xf8X5","FIREBASE_CONFIG":"{\"projectId\":\"teamup-70c1d\",\"storageBucket\":\"teamup-70c1d.firebasestorage.app\"}","GCLOUD_PROJECT":"teamup-70c1d","EVENTARC_CLOUD_EVENT_SOURCE":"projects/teamup-70c1d/locations/us-central1/services/api","FUNCTION_TARGET":"api","LOG_EXECUTION_ID":"true"},"ingressSettings":null,"timeoutSeconds":null,"serviceAccountEmail":null,"availableMemory":"256Mi","minInstanceCount":null,"maxInstanceCount":null,"maxInstanceRequestConcurrency":80,"availableCpu":"1","vpcConnector":null,"vpcConnectorEgressSettings":null},"labels":{"deployment-tool":"cli-firebase","firebase-functions-hash":"e29f878296076ff47961455d5dfb9985398d390d"}}
[debug] [2025-10-04T11:55:14.724Z] <<< [apiv2][status] POST https://cloudfunctions.googleapis.com/v2/projects/teamup-70c1d/locations/us-central1/functions 200
[debug] [2025-10-04T11:55:14.724Z] <<< [apiv2][body] POST https://cloudfunctions.googleapis.com/v2/projects/teamup-70c1d/locations/us-central1/functions {"name":"projects/teamup-70c1d/locations/us-central1/operations/operation-1759578911863-64053e3fef2fb-da42962a-ecfe0599","metadata":{"@type":"type.googleapis.com/google.cloud.functions.v2.OperationMetadata","createTime":"2025-10-04T11:55:12.412110062Z","target":"projects/teamup-70c1d/locations/us-central1/functions/api","verb":"create","cancelRequested":false,"apiVersion":"v2"},"done":false}
[debug] [2025-10-04T11:55:14.724Z] Checked if tokens are valid: true, expires at: 1759581442833
[debug] [2025-10-04T11:55:14.724Z] Checked if tokens are valid: true, expires at: 1759581442833
[debug] [2025-10-04T11:55:14.724Z] >>> [apiv2][query] GET https://cloudfunctions.googleapis.com/v2/projects/teamup-70c1d/locations/us-central1/operations/operation-1759578911863-64053e3fef2fb-da42962a-ecfe0599 [none]
[debug] [2025-10-04T11:55:16.038Z] <<< [apiv2][status] GET https://cloudfunctions.googleapis.com/v2/projects/teamup-70c1d/locations/us-central1/operations/operation-1759578911863-64053e3fef2fb-da42962a-ecfe0599 200
[debug] [2025-10-04T11:55:16.039Z] <<< [apiv2][body] GET https://cloudfunctions.googleapis.com/v2/projects/teamup-70c1d/locations/us-central1/operations/operation-1759578911863-64053e3fef2fb-da42962a-ecfe0599 {"name":"projects/teamup-70c1d/locations/us-central1/operations/operation-1759578911863-64053e3fef2fb-da42962a-ecfe0599","metadata":{"@type":"type.googleapis.com/google.cloud.functions.v2.OperationMetadata","createTime":"2025-10-04T11:55:12.412110062Z","target":"projects/teamup-70c1d/locations/us-central1/functions/api","verb":"create","cancelRequested":false,"apiVersion":"v2","requestResource":{"@type":"type.googleapis.com/google.cloud.functions.v2.Function","name":"projects/teamup-70c1d/locations/us-central1/functions/api","buildConfig":{"runtime":"nodejs18","entryPoint":"api","source":{"storageSource":{"bucket":"gcf-v2-sources-217627363376-us-central1","object":"api/function-source.zip","generation":"1759578912127816"}},"environmentVariables":{"GOOGLE_NODE_RUN_SCRIPTS":""},"serviceAccount":"projects/teamup-70c1d/serviceAccounts/217627363376-compute@developer.gserviceaccount.com","automaticUpdatePolicy":{}},"serviceConfig":{"service":"projects/teamup-70c1d/locations/us-central1/services/api","timeoutSeconds":60,"environmentVariables":{"RAZORPAY_KEY_ID":"rzp_test_RPLdFyPwusgD4p","RAZORPAY_KEY_SECRET":"NhfD6LLzX0VPE8v1YK4Xf8X5","FIREBASE_CONFIG":"{\"projectId\":\"teamup-70c1d\",\"storageBucket\":\"teamup-70c1d.firebasestorage.app\"}","GCLOUD_PROJECT":"teamup-70c1d","EVENTARC_CLOUD_EVENT_SOURCE":"projects/teamup-70c1d/locations/us-central1/services/api","FUNCTION_TARGET":"api","LOG_EXECUTION_ID":"true"},"ingressSettings":"ALLOW_ALL","serviceAccountEmail":"217627363376-compute@developer.gserviceaccount.com","availableMemory":"256Mi","maxInstanceRequestConcurrency":80,"availableCpu":"1"},"labels":{"deployment-tool":"cli-firebase","firebase-functions-hash":"e29f878296076ff47961455d5dfb9985398d390d"},"environment":"GEN_2"},"stages":[{"name":"BUILD","message":"Build in progress","state":"IN_PROGRESS","resource":"projects/217627363376/locations/us-central1/builds/d83c683a-e0ed-4dc5-be4a-9082de081c98","resourceUri":"https://console.cloud.google.com/cloud-build/builds;region=us-central1/d83c683a-e0ed-4dc5-be4a-9082de081c98?project=217627363376"},{"name":"SERVICE","state":"NOT_STARTED"}],"operationType":"CREATE_FUNCTION","buildName":"projects/217627363376/locations/us-central1/builds/d83c683a-e0ed-4dc5-be4a-9082de081c98"},"done":false}
[debug] [2025-10-04T11:55:16.544Z] [create-default-us-central1-api] Retrying task index 0
[debug] [2025-10-04T11:55:16.544Z] Checked if tokens are valid: true, expires at: 1759581442833
[debug] [2025-10-04T11:55:16.544Z] Checked if tokens are valid: true, expires at: 1759581442833
[debug] [2025-10-04T11:55:16.544Z] >>> [apiv2][query] GET https://cloudfunctions.googleapis.com/v2/projects/teamup-70c1d/locations/us-central1/operations/operation-1759578911863-64053e3fef2fb-da42962a-ecfe0599 [none]
[debug] [2025-10-04T11:55:17.909Z] <<< [apiv2][status] GET https://cloudfunctions.googleapis.com/v2/projects/teamup-70c1d/locations/us-central1/operations/operation-1759578911863-64053e3fef2fb-da42962a-ecfe0599 200
[debug] [2025-10-04T11:55:17.909Z] <<< [apiv2][body] GET https://cloudfunctions.googleapis.com/v2/projects/teamup-70c1d/locations/us-central1/operations/operation-1759578911863-64053e3fef2fb-da42962a-ecfe0599 {"name":"projects/teamup-70c1d/locations/us-central1/operations/operation-1759578911863-64053e3fef2fb-da42962a-ecfe0599","metadata":{"@type":"type.googleapis.com/google.cloud.functions.v2.OperationMetadata","createTime":"2025-10-04T11:55:12.412110062Z","target":"projects/teamup-70c1d/locations/us-central1/functions/api","verb":"create","cancelRequested":false,"apiVersion":"v2","requestResource":{"@type":"type.googleapis.com/google.cloud.functions.v2.Function","name":"projects/teamup-70c1d/locations/us-central1/functions/api","buildConfig":{"runtime":"nodejs18","entryPoint":"api","source":{"storageSource":{"bucket":"gcf-v2-sources-217627363376-us-central1","object":"api/function-source.zip","generation":"1759578912127816"}},"environmentVariables":{"GOOGLE_NODE_RUN_SCRIPTS":""},"serviceAccount":"projects/teamup-70c1d/serviceAccounts/217627363376-compute@developer.gserviceaccount.com","automaticUpdatePolicy":{}},"serviceConfig":{"service":"projects/teamup-70c1d/locations/us-central1/services/api","timeoutSeconds":60,"environmentVariables":{"RAZORPAY_KEY_ID":"rzp_test_RPLdFyPwusgD4p","RAZORPAY_KEY_SECRET":"NhfD6LLzX0VPE8v1YK4Xf8X5","FIREBASE_CONFIG":"{\"projectId\":\"teamup-70c1d\",\"storageBucket\":\"teamup-70c1d.firebasestorage.app\"}","GCLOUD_PROJECT":"teamup-70c1d","EVENTARC_CLOUD_EVENT_SOURCE":"projects/teamup-70c1d/locations/us-central1/services/api","FUNCTION_TARGET":"api","LOG_EXECUTION_ID":"true"},"ingressSettings":"ALLOW_ALL","serviceAccountEmail":"217627363376-compute@developer.gserviceaccount.com","availableMemory":"256Mi","maxInstanceRequestConcurrency":80,"availableCpu":"1"},"labels":{"deployment-tool":"cli-firebase","firebase-functions-hash":"e29f878296076ff47961455d5dfb9985398d390d"},"environment":"GEN_2"},"stages":[{"name":"BUILD","message":"Build in progress","state":"IN_PROGRESS","resource":"projects/217627363376/locations/us-central1/builds/d83c683a-e0ed-4dc5-be4a-9082de081c98","resourceUri":"https://console.cloud.google.com/cloud-build/builds;region=us-central1/d83c683a-e0ed-4dc5-be4a-9082de081c98?project=217627363376"},{"name":"SERVICE","state":"NOT_STARTED"}],"operationType":"CREATE_FUNCTION","buildName":"projects/217627363376/locations/us-central1/builds/d83c683a-e0ed-4dc5-be4a-9082de081c98"},"done":false}
[debug] [2025-10-04T11:55:18.910Z] [create-default-us-central1-api] Retrying task index 0
[debug] [2025-10-04T11:55:18.910Z] Checked if tokens are valid: true, expires at: 1759581442833
[debug] [2025-10-04T11:55:18.910Z] Checked if tokens are valid: true, expires at: 1759581442833
[debug] [2025-10-04T11:55:18.910Z] >>> [apiv2][query] GET https://cloudfunctions.googleapis.com/v2/projects/teamup-70c1d/locations/us-central1/operations/operation-1759578911863-64053e3fef2fb-da42962a-ecfe0599 [none]
[debug] [2025-10-04T11:55:20.272Z] <<< [apiv2][status] GET https://cloudfunctions.googleapis.com/v2/projects/teamup-70c1d/locations/us-central1/operations/operation-1759578911863-64053e3fef2fb-da42962a-ecfe0599 200
[debug] [2025-10-04T11:55:20.272Z] <<< [apiv2][body] GET https://cloudfunctions.googleapis.com/v2/projects/teamup-70c1d/locations/us-central1/operations/operation-1759578911863-64053e3fef2fb-da42962a-ecfe0599 {"name":"projects/teamup-70c1d/locations/us-central1/operations/operation-1759578911863-64053e3fef2fb-da42962a-ecfe0599","metadata":{"@type":"type.googleapis.com/google.cloud.functions.v2.OperationMetadata","createTime":"2025-10-04T11:55:12.412110062Z","target":"projects/teamup-70c1d/locations/us-central1/functions/api","verb":"create","cancelRequested":false,"apiVersion":"v2","requestResource":{"@type":"type.googleapis.com/google.cloud.functions.v2.Function","name":"projects/teamup-70c1d/locations/us-central1/functions/api","buildConfig":{"runtime":"nodejs18","entryPoint":"api","source":{"storageSource":{"bucket":"gcf-v2-sources-217627363376-us-central1","object":"api/function-source.zip","generation":"1759578912127816"}},"environmentVariables":{"GOOGLE_NODE_RUN_SCRIPTS":""},"serviceAccount":"projects/teamup-70c1d/serviceAccounts/217627363376-compute@developer.gserviceaccount.com","automaticUpdatePolicy":{}},"serviceConfig":{"service":"projects/teamup-70c1d/locations/us-central1/services/api","timeoutSeconds":60,"environmentVariables":{"RAZORPAY_KEY_ID":"rzp_test_RPLdFyPwusgD4p","RAZORPAY_KEY_SECRET":"NhfD6LLzX0VPE8v1YK4Xf8X5","FIREBASE_CONFIG":"{\"projectId\":\"teamup-70c1d\",\"storageBucket\":\"teamup-70c1d.firebasestorage.app\"}","GCLOUD_PROJECT":"teamup-70c1d","EVENTARC_CLOUD_EVENT_SOURCE":"projects/teamup-70c1d/locations/us-central1/services/api","FUNCTION_TARGET":"api","LOG_EXECUTION_ID":"true"},"ingressSettings":"ALLOW_ALL","serviceAccountEmail":"217627363376-compute@developer.gserviceaccount.com","availableMemory":"256Mi","maxInstanceRequestConcurrency":80,"availableCpu":"1"},"labels":{"deployment-tool":"cli-firebase","firebase-functions-hash":"e29f878296076ff47961455d5dfb9985398d390d"},"environment":"GEN_2"},"stages":[{"name":"BUILD","message":"Build in progress","state":"IN_PROGRESS","resource":"projects/217627363376/locations/us-central1/builds/d83c683a-e0ed-4dc5-be4a-9082de081c98","resourceUri":"https://console.cloud.google.com/cloud-build/builds;region=us-central1/d83c683a-e0ed-4dc5-be4a-9082de081c98?project=217627363376"},{"name":"SERVICE","state":"NOT_STARTED"}],"operationType":"CREATE_FUNCTION","buildName":"projects/217627363376/locations/us-central1/builds/d83c683a-e0ed-4dc5-be4a-9082de081c98"},"done":false}
[debug] [2025-10-04T11:55:22.273Z] [create-default-us-central1-api] Retrying task index 0
[debug] [2025-10-04T11:55:22.274Z] Checked if tokens are valid: true, expires at: 1759581442833
[debug] [2025-10-04T11:55:22.274Z] Checked if tokens are valid: true, expires at: 1759581442833
[debug] [2025-10-04T11:55:22.274Z] >>> [apiv2][query] GET https://cloudfunctions.googleapis.com/v2/projects/teamup-70c1d/locations/us-central1/operations/operation-1759578911863-64053e3fef2fb-da42962a-ecfe0599 [none]
[debug] [2025-10-04T11:55:23.644Z] <<< [apiv2][status] GET https://cloudfunctions.googleapis.com/v2/projects/teamup-70c1d/locations/us-central1/operations/operation-1759578911863-64053e3fef2fb-da42962a-ecfe0599 200
[debug] [2025-10-04T11:55:23.645Z] <<< [apiv2][body] GET https://cloudfunctions.googleapis.com/v2/projects/teamup-70c1d/locations/us-central1/operations/operation-1759578911863-64053e3fef2fb-da42962a-ecfe0599 {"name":"projects/teamup-70c1d/locations/us-central1/operations/operation-1759578911863-64053e3fef2fb-da42962a-ecfe0599","metadata":{"@type":"type.googleapis.com/google.cloud.functions.v2.OperationMetadata","createTime":"2025-10-04T11:55:12.412110062Z","target":"projects/teamup-70c1d/locations/us-central1/functions/api","verb":"create","cancelRequested":false,"apiVersion":"v2","requestResource":{"@type":"type.googleapis.com/google.cloud.functions.v2.Function","name":"projects/teamup-70c1d/locations/us-central1/functions/api","buildConfig":{"runtime":"nodejs18","entryPoint":"api","source":{"storageSource":{"bucket":"gcf-v2-sources-217627363376-us-central1","object":"api/function-source.zip","generation":"1759578912127816"}},"environmentVariables":{"GOOGLE_NODE_RUN_SCRIPTS":""},"serviceAccount":"projects/teamup-70c1d/serviceAccounts/217627363376-compute@developer.gserviceaccount.com","automaticUpdatePolicy":{}},"serviceConfig":{"service":"projects/teamup-70c1d/locations/us-central1/services/api","timeoutSeconds":60,"environmentVariables":{"RAZORPAY_KEY_ID":"rzp_test_RPLdFyPwusgD4p","RAZORPAY_KEY_SECRET":"NhfD6LLzX0VPE8v1YK4Xf8X5","FIREBASE_CONFIG":"{\"projectId\":\"teamup-70c1d\",\"storageBucket\":\"teamup-70c1d.firebasestorage.app\"}","GCLOUD_PROJECT":"teamup-70c1d","EVENTARC_CLOUD_EVENT_SOURCE":"projects/teamup-70c1d/locations/us-central1/services/api","FUNCTION_TARGET":"api","LOG_EXECUTION_ID":"true"},"ingressSettings":"ALLOW_ALL","serviceAccountEmail":"217627363376-compute@developer.gserviceaccount.com","availableMemory":"256Mi","maxInstanceRequestConcurrency":80,"availableCpu":"1"},"labels":{"deployment-tool":"cli-firebase","firebase-functions-hash":"e29f878296076ff47961455d5dfb9985398d390d"},"environment":"GEN_2"},"stages":[{"name":"BUILD","message":"Build in progress","state":"IN_PROGRESS","resource":"projects/217627363376/locations/us-central1/builds/d83c683a-e0ed-4dc5-be4a-9082de081c98","resourceUri":"https://console.cloud.google.com/cloud-build/builds;region=us-central1/d83c683a-e0ed-4dc5-be4a-9082de081c98?project=217627363376"},{"name":"SERVICE","state":"NOT_STARTED"}],"operationType":"CREATE_FUNCTION","buildName":"projects/217627363376/locations/us-central1/builds/d83c683a-e0ed-4dc5-be4a-9082de081c98"},"done":false}
[debug] [2025-10-04T11:55:27.659Z] [create-default-us-central1-api] Retrying task index 0
[debug] [2025-10-04T11:55:27.659Z] Checked if tokens are valid: true, expires at: 1759581442833
[debug] [2025-10-04T11:55:27.659Z] Checked if tokens are valid: true, expires at: 1759581442833
[debug] [2025-10-04T11:55:27.660Z] >>> [apiv2][query] GET https://cloudfunctions.googleapis.com/v2/projects/teamup-70c1d/locations/us-central1/operations/operation-1759578911863-64053e3fef2fb-da42962a-ecfe0599 [none]
[debug] [2025-10-04T11:55:29.048Z] <<< [apiv2][status] GET https://cloudfunctions.googleapis.com/v2/projects/teamup-70c1d/locations/us-central1/operations/operation-1759578911863-64053e3fef2fb-da42962a-ecfe0599 200
[debug] [2025-10-04T11:55:29.048Z] <<< [apiv2][body] GET https://cloudfunctions.googleapis.com/v2/projects/teamup-70c1d/locations/us-central1/operations/operation-1759578911863-64053e3fef2fb-da42962a-ecfe0599 {"name":"projects/teamup-70c1d/locations/us-central1/operations/operation-1759578911863-64053e3fef2fb-da42962a-ecfe0599","metadata":{"@type":"type.googleapis.com/google.cloud.functions.v2.OperationMetadata","createTime":"2025-10-04T11:55:12.412110062Z","target":"projects/teamup-70c1d/locations/us-central1/functions/api","verb":"create","cancelRequested":false,"apiVersion":"v2","requestResource":{"@type":"type.googleapis.com/google.cloud.functions.v2.Function","name":"projects/teamup-70c1d/locations/us-central1/functions/api","buildConfig":{"runtime":"nodejs18","entryPoint":"api","source":{"storageSource":{"bucket":"gcf-v2-sources-217627363376-us-central1","object":"api/function-source.zip","generation":"1759578912127816"}},"environmentVariables":{"GOOGLE_NODE_RUN_SCRIPTS":""},"serviceAccount":"projects/teamup-70c1d/serviceAccounts/217627363376-compute@developer.gserviceaccount.com","automaticUpdatePolicy":{}},"serviceConfig":{"service":"projects/teamup-70c1d/locations/us-central1/services/api","timeoutSeconds":60,"environmentVariables":{"RAZORPAY_KEY_ID":"rzp_test_RPLdFyPwusgD4p","RAZORPAY_KEY_SECRET":"NhfD6LLzX0VPE8v1YK4Xf8X5","FIREBASE_CONFIG":"{\"projectId\":\"teamup-70c1d\",\"storageBucket\":\"teamup-70c1d.firebasestorage.app\"}","GCLOUD_PROJECT":"teamup-70c1d","EVENTARC_CLOUD_EVENT_SOURCE":"projects/teamup-70c1d/locations/us-central1/services/api","FUNCTION_TARGET":"api","LOG_EXECUTION_ID":"true"},"ingressSettings":"ALLOW_ALL","serviceAccountEmail":"217627363376-compute@developer.gserviceaccount.com","availableMemory":"256Mi","maxInstanceRequestConcurrency":80,"availableCpu":"1"},"labels":{"deployment-tool":"cli-firebase","firebase-functions-hash":"e29f878296076ff47961455d5dfb9985398d390d"},"environment":"GEN_2"},"stages":[{"name":"BUILD","message":"Build in progress","state":"IN_PROGRESS","resource":"projects/217627363376/locations/us-central1/builds/d83c683a-e0ed-4dc5-be4a-9082de081c98","resourceUri":"https://console.cloud.google.com/cloud-build/builds;region=us-central1/d83c683a-e0ed-4dc5-be4a-9082de081c98?project=217627363376"},{"name":"SERVICE","state":"NOT_STARTED"}],"operationType":"CREATE_FUNCTION","buildName":"projects/217627363376/locations/us-central1/builds/d83c683a-e0ed-4dc5-be4a-9082de081c98"},"done":false}
[debug] [2025-10-04T11:55:37.058Z] [create-default-us-central1-api] Retrying task index 0
[debug] [2025-10-04T11:55:37.058Z] Checked if tokens are valid: true, expires at: 1759581442833
[debug] [2025-10-04T11:55:37.058Z] Checked if tokens are valid: true, expires at: 1759581442833
[debug] [2025-10-04T11:55:37.058Z] >>> [apiv2][query] GET https://cloudfunctions.googleapis.com/v2/projects/teamup-70c1d/locations/us-central1/operations/operation-1759578911863-64053e3fef2fb-da42962a-ecfe0599 [none]
[debug] [2025-10-04T11:55:38.677Z] <<< [apiv2][status] GET https://cloudfunctions.googleapis.com/v2/projects/teamup-70c1d/locations/us-central1/operations/operation-1759578911863-64053e3fef2fb-da42962a-ecfe0599 200
[debug] [2025-10-04T11:55:38.677Z] <<< [apiv2][body] GET https://cloudfunctions.googleapis.com/v2/projects/teamup-70c1d/locations/us-central1/operations/operation-1759578911863-64053e3fef2fb-da42962a-ecfe0599 {"name":"projects/teamup-70c1d/locations/us-central1/operations/operation-1759578911863-64053e3fef2fb-da42962a-ecfe0599","metadata":{"@type":"type.googleapis.com/google.cloud.functions.v2.OperationMetadata","createTime":"2025-10-04T11:55:12.412110062Z","target":"projects/teamup-70c1d/locations/us-central1/functions/api","verb":"create","cancelRequested":false,"apiVersion":"v2","requestResource":{"@type":"type.googleapis.com/google.cloud.functions.v2.Function","name":"projects/teamup-70c1d/locations/us-central1/functions/api","buildConfig":{"runtime":"nodejs18","entryPoint":"api","source":{"storageSource":{"bucket":"gcf-v2-sources-217627363376-us-central1","object":"api/function-source.zip","generation":"1759578912127816"}},"environmentVariables":{"GOOGLE_NODE_RUN_SCRIPTS":""},"serviceAccount":"projects/teamup-70c1d/serviceAccounts/217627363376-compute@developer.gserviceaccount.com","automaticUpdatePolicy":{}},"serviceConfig":{"service":"projects/teamup-70c1d/locations/us-central1/services/api","timeoutSeconds":60,"environmentVariables":{"RAZORPAY_KEY_ID":"rzp_test_RPLdFyPwusgD4p","RAZORPAY_KEY_SECRET":"NhfD6LLzX0VPE8v1YK4Xf8X5","FIREBASE_CONFIG":"{\"projectId\":\"teamup-70c1d\",\"storageBucket\":\"teamup-70c1d.firebasestorage.app\"}","GCLOUD_PROJECT":"teamup-70c1d","EVENTARC_CLOUD_EVENT_SOURCE":"projects/teamup-70c1d/locations/us-central1/services/api","FUNCTION_TARGET":"api","LOG_EXECUTION_ID":"true"},"ingressSettings":"ALLOW_ALL","serviceAccountEmail":"217627363376-compute@developer.gserviceaccount.com","availableMemory":"256Mi","maxInstanceRequestConcurrency":80,"availableCpu":"1"},"labels":{"deployment-tool":"cli-firebase","firebase-functions-hash":"e29f878296076ff47961455d5dfb9985398d390d"},"environment":"GEN_2"},"stages":[{"name":"BUILD","message":"Build in progress","state":"IN_PROGRESS","resource":"projects/217627363376/locations/us-central1/builds/d83c683a-e0ed-4dc5-be4a-9082de081c98","resourceUri":"https://console.cloud.google.com/cloud-build/builds;region=us-central1/d83c683a-e0ed-4dc5-be4a-9082de081c98?project=217627363376"},{"name":"SERVICE","state":"NOT_STARTED"}],"operationType":"CREATE_FUNCTION","buildName":"projects/217627363376/locations/us-central1/builds/d83c683a-e0ed-4dc5-be4a-9082de081c98"},"done":false}
[debug] [2025-10-04T11:55:48.685Z] [create-default-us-central1-api] Retrying task index 0
[debug] [2025-10-04T11:55:48.685Z] Checked if tokens are valid: true, expires at: 1759581442833
[debug] [2025-10-04T11:55:48.685Z] Checked if tokens are valid: true, expires at: 1759581442833
[debug] [2025-10-04T11:55:48.685Z] >>> [apiv2][query] GET https://cloudfunctions.googleapis.com/v2/projects/teamup-70c1d/locations/us-central1/operations/operation-1759578911863-64053e3fef2fb-da42962a-ecfe0599 [none]
[debug] [2025-10-04T11:55:50.099Z] <<< [apiv2][status] GET https://cloudfunctions.googleapis.com/v2/projects/teamup-70c1d/locations/us-central1/operations/operation-1759578911863-64053e3fef2fb-da42962a-ecfe0599 200
[debug] [2025-10-04T11:55:50.100Z] <<< [apiv2][body] GET https://cloudfunctions.googleapis.com/v2/projects/teamup-70c1d/locations/us-central1/operations/operation-1759578911863-64053e3fef2fb-da42962a-ecfe0599 {"name":"projects/teamup-70c1d/locations/us-central1/operations/operation-1759578911863-64053e3fef2fb-da42962a-ecfe0599","metadata":{"@type":"type.googleapis.com/google.cloud.functions.v2.OperationMetadata","createTime":"2025-10-04T11:55:12.412110062Z","target":"projects/teamup-70c1d/locations/us-central1/functions/api","verb":"create","cancelRequested":false,"apiVersion":"v2","requestResource":{"@type":"type.googleapis.com/google.cloud.functions.v2.Function","name":"projects/teamup-70c1d/locations/us-central1/functions/api","buildConfig":{"runtime":"nodejs18","entryPoint":"api","source":{"storageSource":{"bucket":"gcf-v2-sources-217627363376-us-central1","object":"api/function-source.zip","generation":"1759578912127816"}},"environmentVariables":{"GOOGLE_NODE_RUN_SCRIPTS":""},"serviceAccount":"projects/teamup-70c1d/serviceAccounts/217627363376-compute@developer.gserviceaccount.com","automaticUpdatePolicy":{}},"serviceConfig":{"service":"projects/teamup-70c1d/locations/us-central1/services/api","timeoutSeconds":60,"environmentVariables":{"RAZORPAY_KEY_ID":"rzp_test_RPLdFyPwusgD4p","RAZORPAY_KEY_SECRET":"NhfD6LLzX0VPE8v1YK4Xf8X5","FIREBASE_CONFIG":"{\"projectId\":\"teamup-70c1d\",\"storageBucket\":\"teamup-70c1d.firebasestorage.app\"}","GCLOUD_PROJECT":"teamup-70c1d","EVENTARC_CLOUD_EVENT_SOURCE":"projects/teamup-70c1d/locations/us-central1/services/api","FUNCTION_TARGET":"api","LOG_EXECUTION_ID":"true"},"ingressSettings":"ALLOW_ALL","serviceAccountEmail":"217627363376-compute@developer.gserviceaccount.com","availableMemory":"256Mi","maxInstanceRequestConcurrency":80,"availableCpu":"1"},"labels":{"deployment-tool":"cli-firebase","firebase-functions-hash":"e29f878296076ff47961455d5dfb9985398d390d"},"environment":"GEN_2"},"stages":[{"name":"BUILD","message":"Build in progress","state":"IN_PROGRESS","resource":"projects/217627363376/locations/us-central1/builds/d83c683a-e0ed-4dc5-be4a-9082de081c98","resourceUri":"https://console.cloud.google.com/cloud-build/builds;region=us-central1/d83c683a-e0ed-4dc5-be4a-9082de081c98?project=217627363376"},{"name":"SERVICE","state":"NOT_STARTED"}],"operationType":"CREATE_FUNCTION","buildName":"projects/217627363376/locations/us-central1/builds/d83c683a-e0ed-4dc5-be4a-9082de081c98"},"done":false}
[debug] [2025-10-04T11:56:00.111Z] [create-default-us-central1-api] Retrying task index 0
[debug] [2025-10-04T11:56:00.112Z] Checked if tokens are valid: true, expires at: 1759581442833
[debug] [2025-10-04T11:56:00.112Z] Checked if tokens are valid: true, expires at: 1759581442833
[debug] [2025-10-04T11:56:00.112Z] >>> [apiv2][query] GET https://cloudfunctions.googleapis.com/v2/projects/teamup-70c1d/locations/us-central1/operations/operation-1759578911863-64053e3fef2fb-da42962a-ecfe0599 [none]
[debug] [2025-10-04T11:56:01.543Z] <<< [apiv2][status] GET https://cloudfunctions.googleapis.com/v2/projects/teamup-70c1d/locations/us-central1/operations/operation-1759578911863-64053e3fef2fb-da42962a-ecfe0599 200
[debug] [2025-10-04T11:56:01.544Z] <<< [apiv2][body] GET https://cloudfunctions.googleapis.com/v2/projects/teamup-70c1d/locations/us-central1/operations/operation-1759578911863-64053e3fef2fb-da42962a-ecfe0599 {"name":"projects/teamup-70c1d/locations/us-central1/operations/operation-1759578911863-64053e3fef2fb-da42962a-ecfe0599","metadata":{"@type":"type.googleapis.com/google.cloud.functions.v2.OperationMetadata","createTime":"2025-10-04T11:55:12.412110062Z","target":"projects/teamup-70c1d/locations/us-central1/functions/api","verb":"create","cancelRequested":false,"apiVersion":"v2","requestResource":{"@type":"type.googleapis.com/google.cloud.functions.v2.Function","name":"projects/teamup-70c1d/locations/us-central1/functions/api","buildConfig":{"runtime":"nodejs18","entryPoint":"api","source":{"storageSource":{"bucket":"gcf-v2-sources-217627363376-us-central1","object":"api/function-source.zip","generation":"1759578912127816"}},"environmentVariables":{"GOOGLE_NODE_RUN_SCRIPTS":""},"serviceAccount":"projects/teamup-70c1d/serviceAccounts/217627363376-compute@developer.gserviceaccount.com","automaticUpdatePolicy":{}},"serviceConfig":{"service":"projects/teamup-70c1d/locations/us-central1/services/api","timeoutSeconds":60,"environmentVariables":{"RAZORPAY_KEY_ID":"rzp_test_RPLdFyPwusgD4p","RAZORPAY_KEY_SECRET":"NhfD6LLzX0VPE8v1YK4Xf8X5","FIREBASE_CONFIG":"{\"projectId\":\"teamup-70c1d\",\"storageBucket\":\"teamup-70c1d.firebasestorage.app\"}","GCLOUD_PROJECT":"teamup-70c1d","EVENTARC_CLOUD_EVENT_SOURCE":"projects/teamup-70c1d/locations/us-central1/services/api","FUNCTION_TARGET":"api","LOG_EXECUTION_ID":"true"},"ingressSettings":"ALLOW_ALL","serviceAccountEmail":"217627363376-compute@developer.gserviceaccount.com","availableMemory":"256Mi","maxInstanceRequestConcurrency":80,"availableCpu":"1"},"labels":{"deployment-tool":"cli-firebase","firebase-functions-hash":"e29f878296076ff47961455d5dfb9985398d390d"},"environment":"GEN_2"},"stages":[{"name":"BUILD","message":"Build finished","state":"COMPLETE","resource":"projects/217627363376/locations/us-central1/builds/d83c683a-e0ed-4dc5-be4a-9082de081c98","resourceUri":"https://console.cloud.google.com/cloud-build/builds;region=us-central1/d83c683a-e0ed-4dc5-be4a-9082de081c98?project=217627363376"},{"name":"SERVICE","message":"Creating Cloud Run service","state":"IN_PROGRESS","resource":"projects/teamup-70c1d/locations/us-central1/services/api","resourceUri":"https://console.cloud.google.com/run/detail/us-central1/api?project=teamup-70c1d"}],"sourceToken":"Cldwcm9qZWN0cy8yMTc2MjczNjMzNzYvbG9jYXRpb25zL3VzLWNlbnRyYWwxL2J1aWxkcy9kODNjNjgzYS1lMGVkLTRkYzUtYmU0YS05MDgyZGUwODFjOTgSYHVzLWNlbnRyYWwxLWRvY2tlci5wa2cuZGV2L3RlYW11cC03MGMxZC9nY2YtYXJ0aWZhY3RzL3RlYW11cC0tNzBjMWRfX3VzLS1jZW50cmFsMV9fYXBpOnZlcnNpb25fMRiwkOjcqgYiOXByb2plY3RzL3RlYW11cC03MGMxZC9sb2NhdGlvbnMvdXMtY2VudHJhbDEvZnVuY3Rpb25zL2FwaSoMCMyWhMcGELj0j8EBMghub2RlanMxODp2CiNnY3IuaW8vZ2FlLXJ1bnRpbWVzL25vZGVqczE4OnN0YWJsZRJPdXMtY2VudHJhbDEtZG9ja2VyLnBrZy5kZXYvc2VydmVybGVzcy1ydW50aW1lcy9nb29nbGUtMjItZnVsbC9ydW50aW1lcy9ub2RlanMxOEAB","operationType":"CREATE_FUNCTION","buildName":"projects/217627363376/locations/us-central1/builds/d83c683a-e0ed-4dc5-be4a-9082de081c98"},"done":false}
[debug] [2025-10-04T11:56:01.544Z] Got source token Cldwcm9qZWN0cy8yMTc2MjczNjMzNzYvbG9jYXRpb25zL3VzLWNlbnRyYWwxL2J1aWxkcy9kODNjNjgzYS1lMGVkLTRkYzUtYmU0YS05MDgyZGUwODFjOTgSYHVzLWNlbnRyYWwxLWRvY2tlci5wa2cuZGV2L3RlYW11cC03MGMxZC9nY2YtYXJ0aWZhY3RzL3RlYW11cC0tNzBjMWRfX3VzLS1jZW50cmFsMV9fYXBpOnZlcnNpb25fMRiwkOjcqgYiOXByb2plY3RzL3RlYW11cC03MGMxZC9sb2NhdGlvbnMvdXMtY2VudHJhbDEvZnVuY3Rpb25zL2FwaSoMCMyWhMcGELj0j8EBMghub2RlanMxODp2CiNnY3IuaW8vZ2FlLXJ1bnRpbWVzL25vZGVqczE4OnN0YWJsZRJPdXMtY2VudHJhbDEtZG9ja2VyLnBrZy5kZXYvc2VydmVybGVzcy1ydW50aW1lcy9nb29nbGUtMjItZnVsbC9ydW50aW1lcy9ub2RlanMxOEAB for region us-central1
[debug] [2025-10-04T11:56:11.557Z] [create-default-us-central1-api] Retrying task index 0
[debug] [2025-10-04T11:56:11.557Z] Checked if tokens are valid: true, expires at: 1759581442833
[debug] [2025-10-04T11:56:11.557Z] Checked if tokens are valid: true, expires at: 1759581442833
[debug] [2025-10-04T11:56:11.558Z] >>> [apiv2][query] GET https://cloudfunctions.googleapis.com/v2/projects/teamup-70c1d/locations/us-central1/operations/operation-1759578911863-64053e3fef2fb-da42962a-ecfe0599 [none]
[debug] [2025-10-04T11:56:13.199Z] <<< [apiv2][status] GET https://cloudfunctions.googleapis.com/v2/projects/teamup-70c1d/locations/us-central1/operations/operation-1759578911863-64053e3fef2fb-da42962a-ecfe0599 200
[debug] [2025-10-04T11:56:13.199Z] <<< [apiv2][body] GET https://cloudfunctions.googleapis.com/v2/projects/teamup-70c1d/locations/us-central1/operations/operation-1759578911863-64053e3fef2fb-da42962a-ecfe0599 {"name":"projects/teamup-70c1d/locations/us-central1/operations/operation-1759578911863-64053e3fef2fb-da42962a-ecfe0599","metadata":{"@type":"type.googleapis.com/google.cloud.functions.v2.OperationMetadata","createTime":"2025-10-04T11:55:12.412110062Z","target":"projects/teamup-70c1d/locations/us-central1/functions/api","verb":"create","cancelRequested":false,"apiVersion":"v2","requestResource":{"@type":"type.googleapis.com/google.cloud.functions.v2.Function","name":"projects/teamup-70c1d/locations/us-central1/functions/api","buildConfig":{"runtime":"nodejs18","entryPoint":"api","source":{"storageSource":{"bucket":"gcf-v2-sources-217627363376-us-central1","object":"api/function-source.zip","generation":"1759578912127816"}},"environmentVariables":{"GOOGLE_NODE_RUN_SCRIPTS":""},"serviceAccount":"projects/teamup-70c1d/serviceAccounts/217627363376-compute@developer.gserviceaccount.com","automaticUpdatePolicy":{}},"serviceConfig":{"service":"projects/teamup-70c1d/locations/us-central1/services/api","timeoutSeconds":60,"environmentVariables":{"RAZORPAY_KEY_ID":"rzp_test_RPLdFyPwusgD4p","RAZORPAY_KEY_SECRET":"NhfD6LLzX0VPE8v1YK4Xf8X5","FIREBASE_CONFIG":"{\"projectId\":\"teamup-70c1d\",\"storageBucket\":\"teamup-70c1d.firebasestorage.app\"}","GCLOUD_PROJECT":"teamup-70c1d","EVENTARC_CLOUD_EVENT_SOURCE":"projects/teamup-70c1d/locations/us-central1/services/api","FUNCTION_TARGET":"api","LOG_EXECUTION_ID":"true"},"ingressSettings":"ALLOW_ALL","serviceAccountEmail":"217627363376-compute@developer.gserviceaccount.com","availableMemory":"256Mi","maxInstanceRequestConcurrency":80,"availableCpu":"1"},"labels":{"deployment-tool":"cli-firebase","firebase-functions-hash":"e29f878296076ff47961455d5dfb9985398d390d"},"environment":"GEN_2"},"stages":[{"name":"BUILD","message":"Build finished","state":"COMPLETE","resource":"projects/217627363376/locations/us-central1/builds/d83c683a-e0ed-4dc5-be4a-9082de081c98","resourceUri":"https://console.cloud.google.com/cloud-build/builds;region=us-central1/d83c683a-e0ed-4dc5-be4a-9082de081c98?project=217627363376"},{"name":"SERVICE","message":"Creating Cloud Run service","state":"IN_PROGRESS","resource":"projects/teamup-70c1d/locations/us-central1/services/api","resourceUri":"https://console.cloud.google.com/run/detail/us-central1/api?project=teamup-70c1d"}],"sourceToken":"Cldwcm9qZWN0cy8yMTc2MjczNjMzNzYvbG9jYXRpb25zL3VzLWNlbnRyYWwxL2J1aWxkcy9kODNjNjgzYS1lMGVkLTRkYzUtYmU0YS05MDgyZGUwODFjOTgSYHVzLWNlbnRyYWwxLWRvY2tlci5wa2cuZGV2L3RlYW11cC03MGMxZC9nY2YtYXJ0aWZhY3RzL3RlYW11cC0tNzBjMWRfX3VzLS1jZW50cmFsMV9fYXBpOnZlcnNpb25fMRiwkOjcqgYiOXByb2plY3RzL3RlYW11cC03MGMxZC9sb2NhdGlvbnMvdXMtY2VudHJhbDEvZnVuY3Rpb25zL2FwaSoMCMyWhMcGELj0j8EBMghub2RlanMxODp2CiNnY3IuaW8vZ2FlLXJ1bnRpbWVzL25vZGVqczE4OnN0YWJsZRJPdXMtY2VudHJhbDEtZG9ja2VyLnBrZy5kZXYvc2VydmVybGVzcy1ydW50aW1lcy9nb29nbGUtMjItZnVsbC9ydW50aW1lcy9ub2RlanMxOEAB","operationType":"CREATE_FUNCTION","buildName":"projects/217627363376/locations/us-central1/builds/d83c683a-e0ed-4dc5-be4a-9082de081c98"},"done":false}
[debug] [2025-10-04T11:56:13.199Z] Got source token Cldwcm9qZWN0cy8yMTc2MjczNjMzNzYvbG9jYXRpb25zL3VzLWNlbnRyYWwxL2J1aWxkcy9kODNjNjgzYS1lMGVkLTRkYzUtYmU0YS05MDgyZGUwODFjOTgSYHVzLWNlbnRyYWwxLWRvY2tlci5wa2cuZGV2L3RlYW11cC03MGMxZC9nY2YtYXJ0aWZhY3RzL3RlYW11cC0tNzBjMWRfX3VzLS1jZW50cmFsMV9fYXBpOnZlcnNpb25fMRiwkOjcqgYiOXByb2plY3RzL3RlYW11cC03MGMxZC9sb2NhdGlvbnMvdXMtY2VudHJhbDEvZnVuY3Rpb25zL2FwaSoMCMyWhMcGELj0j8EBMghub2RlanMxODp2CiNnY3IuaW8vZ2FlLXJ1bnRpbWVzL25vZGVqczE4OnN0YWJsZRJPdXMtY2VudHJhbDEtZG9ja2VyLnBrZy5kZXYvc2VydmVybGVzcy1ydW50aW1lcy9nb29nbGUtMjItZnVsbC9ydW50aW1lcy9ub2RlanMxOEAB for region us-central1
[debug] [2025-10-04T11:56:23.202Z] [create-default-us-central1-api] Retrying task index 0
[debug] [2025-10-04T11:56:23.202Z] Checked if tokens are valid: true, expires at: 1759581442833
[debug] [2025-10-04T11:56:23.202Z] Checked if tokens are valid: true, expires at: 1759581442833
[debug] [2025-10-04T11:56:23.202Z] >>> [apiv2][query] GET https://cloudfunctions.googleapis.com/v2/projects/teamup-70c1d/locations/us-central1/operations/operation-1759578911863-64053e3fef2fb-da42962a-ecfe0599 [none]
[debug] [2025-10-04T11:56:24.647Z] <<< [apiv2][status] GET https://cloudfunctions.googleapis.com/v2/projects/teamup-70c1d/locations/us-central1/operations/operation-1759578911863-64053e3fef2fb-da42962a-ecfe0599 200
[debug] [2025-10-04T11:56:24.647Z] <<< [apiv2][body] GET https://cloudfunctions.googleapis.com/v2/projects/teamup-70c1d/locations/us-central1/operations/operation-1759578911863-64053e3fef2fb-da42962a-ecfe0599 {"name":"projects/teamup-70c1d/locations/us-central1/operations/operation-1759578911863-64053e3fef2fb-da42962a-ecfe0599","metadata":{"@type":"type.googleapis.com/google.cloud.functions.v2.OperationMetadata","createTime":"2025-10-04T11:55:12.412110062Z","target":"projects/teamup-70c1d/locations/us-central1/functions/api","verb":"create","cancelRequested":false,"apiVersion":"v2","requestResource":{"@type":"type.googleapis.com/google.cloud.functions.v2.Function","name":"projects/teamup-70c1d/locations/us-central1/functions/api","buildConfig":{"runtime":"nodejs18","entryPoint":"api","source":{"storageSource":{"bucket":"gcf-v2-sources-217627363376-us-central1","object":"api/function-source.zip","generation":"1759578912127816"}},"environmentVariables":{"GOOGLE_NODE_RUN_SCRIPTS":""},"serviceAccount":"projects/teamup-70c1d/serviceAccounts/217627363376-compute@developer.gserviceaccount.com","automaticUpdatePolicy":{}},"serviceConfig":{"service":"projects/teamup-70c1d/locations/us-central1/services/api","timeoutSeconds":60,"environmentVariables":{"RAZORPAY_KEY_ID":"rzp_test_RPLdFyPwusgD4p","RAZORPAY_KEY_SECRET":"NhfD6LLzX0VPE8v1YK4Xf8X5","FIREBASE_CONFIG":"{\"projectId\":\"teamup-70c1d\",\"storageBucket\":\"teamup-70c1d.firebasestorage.app\"}","GCLOUD_PROJECT":"teamup-70c1d","EVENTARC_CLOUD_EVENT_SOURCE":"projects/teamup-70c1d/locations/us-central1/services/api","FUNCTION_TARGET":"api","LOG_EXECUTION_ID":"true"},"ingressSettings":"ALLOW_ALL","serviceAccountEmail":"217627363376-compute@developer.gserviceaccount.com","availableMemory":"256Mi","maxInstanceRequestConcurrency":80,"availableCpu":"1"},"labels":{"deployment-tool":"cli-firebase","firebase-functions-hash":"e29f878296076ff47961455d5dfb9985398d390d"},"environment":"GEN_2"},"stages":[{"name":"BUILD","message":"Build finished","state":"COMPLETE","resource":"projects/217627363376/locations/us-central1/builds/d83c683a-e0ed-4dc5-be4a-9082de081c98","resourceUri":"https://console.cloud.google.com/cloud-build/builds;region=us-central1/d83c683a-e0ed-4dc5-be4a-9082de081c98?project=217627363376"},{"name":"SERVICE","message":"Creating Cloud Run service","state":"IN_PROGRESS","resource":"projects/teamup-70c1d/locations/us-central1/services/api","resourceUri":"https://console.cloud.google.com/run/detail/us-central1/api?project=teamup-70c1d"}],"sourceToken":"Cldwcm9qZWN0cy8yMTc2MjczNjMzNzYvbG9jYXRpb25zL3VzLWNlbnRyYWwxL2J1aWxkcy9kODNjNjgzYS1lMGVkLTRkYzUtYmU0YS05MDgyZGUwODFjOTgSYHVzLWNlbnRyYWwxLWRvY2tlci5wa2cuZGV2L3RlYW11cC03MGMxZC9nY2YtYXJ0aWZhY3RzL3RlYW11cC0tNzBjMWRfX3VzLS1jZW50cmFsMV9fYXBpOnZlcnNpb25fMRiwkOjcqgYiOXByb2plY3RzL3RlYW11cC03MGMxZC9sb2NhdGlvbnMvdXMtY2VudHJhbDEvZnVuY3Rpb25zL2FwaSoMCMyWhMcGELj0j8EBMghub2RlanMxODp2CiNnY3IuaW8vZ2FlLXJ1bnRpbWVzL25vZGVqczE4OnN0YWJsZRJPdXMtY2VudHJhbDEtZG9ja2VyLnBrZy5kZXYvc2VydmVybGVzcy1ydW50aW1lcy9nb29nbGUtMjItZnVsbC9ydW50aW1lcy9ub2RlanMxOEAB","operationType":"CREATE_FUNCTION","buildName":"projects/217627363376/locations/us-central1/builds/d83c683a-e0ed-4dc5-be4a-9082de081c98"},"done":false}
[debug] [2025-10-04T11:56:24.647Z] Got source token Cldwcm9qZWN0cy8yMTc2MjczNjMzNzYvbG9jYXRpb25zL3VzLWNlbnRyYWwxL2J1aWxkcy9kODNjNjgzYS1lMGVkLTRkYzUtYmU0YS05MDgyZGUwODFjOTgSYHVzLWNlbnRyYWwxLWRvY2tlci5wa2cuZGV2L3RlYW11cC03MGMxZC9nY2YtYXJ0aWZhY3RzL3RlYW11cC0tNzBjMWRfX3VzLS1jZW50cmFsMV9fYXBpOnZlcnNpb25fMRiwkOjcqgYiOXByb2plY3RzL3RlYW11cC03MGMxZC9sb2NhdGlvbnMvdXMtY2VudHJhbDEvZnVuY3Rpb25zL2FwaSoMCMyWhMcGELj0j8EBMghub2RlanMxODp2CiNnY3IuaW8vZ2FlLXJ1bnRpbWVzL25vZGVqczE4OnN0YWJsZRJPdXMtY2VudHJhbDEtZG9ja2VyLnBrZy5kZXYvc2VydmVybGVzcy1ydW50aW1lcy9nb29nbGUtMjItZnVsbC9ydW50aW1lcy9ub2RlanMxOEAB for region us-central1
[debug] [2025-10-04T11:56:34.657Z] [create-default-us-central1-api] Retrying task index 0
[debug] [2025-10-04T11:56:34.657Z] Checked if tokens are valid: true, expires at: 1759581442833
[debug] [2025-10-04T11:56:34.658Z] Checked if tokens are valid: true, expires at: 1759581442833
[debug] [2025-10-04T11:56:34.658Z] >>> [apiv2][query] GET https://cloudfunctions.googleapis.com/v2/projects/teamup-70c1d/locations/us-central1/operations/operation-1759578911863-64053e3fef2fb-da42962a-ecfe0599 [none]
[debug] [2025-10-04T11:56:36.146Z] <<< [apiv2][status] GET https://cloudfunctions.googleapis.com/v2/projects/teamup-70c1d/locations/us-central1/operations/operation-1759578911863-64053e3fef2fb-da42962a-ecfe0599 200
[debug] [2025-10-04T11:56:36.146Z] <<< [apiv2][body] GET https://cloudfunctions.googleapis.com/v2/projects/teamup-70c1d/locations/us-central1/operations/operation-1759578911863-64053e3fef2fb-da42962a-ecfe0599 {"name":"projects/teamup-70c1d/locations/us-central1/operations/operation-1759578911863-64053e3fef2fb-da42962a-ecfe0599","metadata":{"@type":"type.googleapis.com/google.cloud.functions.v2.OperationMetadata","createTime":"2025-10-04T11:55:12.412110062Z","target":"projects/teamup-70c1d/locations/us-central1/functions/api","verb":"create","cancelRequested":false,"apiVersion":"v2","requestResource":{"@type":"type.googleapis.com/google.cloud.functions.v2.Function","name":"projects/teamup-70c1d/locations/us-central1/functions/api","buildConfig":{"runtime":"nodejs18","entryPoint":"api","source":{"storageSource":{"bucket":"gcf-v2-sources-217627363376-us-central1","object":"api/function-source.zip","generation":"1759578912127816"}},"environmentVariables":{"GOOGLE_NODE_RUN_SCRIPTS":""},"serviceAccount":"projects/teamup-70c1d/serviceAccounts/217627363376-compute@developer.gserviceaccount.com","automaticUpdatePolicy":{}},"serviceConfig":{"service":"projects/teamup-70c1d/locations/us-central1/services/api","timeoutSeconds":60,"environmentVariables":{"RAZORPAY_KEY_ID":"rzp_test_RPLdFyPwusgD4p","RAZORPAY_KEY_SECRET":"NhfD6LLzX0VPE8v1YK4Xf8X5","FIREBASE_CONFIG":"{\"projectId\":\"teamup-70c1d\",\"storageBucket\":\"teamup-70c1d.firebasestorage.app\"}","GCLOUD_PROJECT":"teamup-70c1d","EVENTARC_CLOUD_EVENT_SOURCE":"projects/teamup-70c1d/locations/us-central1/services/api","FUNCTION_TARGET":"api","LOG_EXECUTION_ID":"true"},"ingressSettings":"ALLOW_ALL","serviceAccountEmail":"217627363376-compute@developer.gserviceaccount.com","availableMemory":"256Mi","maxInstanceRequestConcurrency":80,"availableCpu":"1"},"labels":{"deployment-tool":"cli-firebase","firebase-functions-hash":"e29f878296076ff47961455d5dfb9985398d390d"},"environment":"GEN_2"},"stages":[{"name":"BUILD","message":"Build finished","state":"COMPLETE","resource":"projects/217627363376/locations/us-central1/builds/d83c683a-e0ed-4dc5-be4a-9082de081c98","resourceUri":"https://console.cloud.google.com/cloud-build/builds;region=us-central1/d83c683a-e0ed-4dc5-be4a-9082de081c98?project=217627363376"},{"name":"SERVICE","message":"Creating Cloud Run service","state":"IN_PROGRESS","resource":"projects/teamup-70c1d/locations/us-central1/services/api","resourceUri":"https://console.cloud.google.com/run/detail/us-central1/api?project=teamup-70c1d"}],"sourceToken":"Cldwcm9qZWN0cy8yMTc2MjczNjMzNzYvbG9jYXRpb25zL3VzLWNlbnRyYWwxL2J1aWxkcy9kODNjNjgzYS1lMGVkLTRkYzUtYmU0YS05MDgyZGUwODFjOTgSYHVzLWNlbnRyYWwxLWRvY2tlci5wa2cuZGV2L3RlYW11cC03MGMxZC9nY2YtYXJ0aWZhY3RzL3RlYW11cC0tNzBjMWRfX3VzLS1jZW50cmFsMV9fYXBpOnZlcnNpb25fMRiwkOjcqgYiOXByb2plY3RzL3RlYW11cC03MGMxZC9sb2NhdGlvbnMvdXMtY2VudHJhbDEvZnVuY3Rpb25zL2FwaSoMCMyWhMcGELj0j8EBMghub2RlanMxODp2CiNnY3IuaW8vZ2FlLXJ1bnRpbWVzL25vZGVqczE4OnN0YWJsZRJPdXMtY2VudHJhbDEtZG9ja2VyLnBrZy5kZXYvc2VydmVybGVzcy1ydW50aW1lcy9nb29nbGUtMjItZnVsbC9ydW50aW1lcy9ub2RlanMxOEAB","operationType":"CREATE_FUNCTION","buildName":"projects/217627363376/locations/us-central1/builds/d83c683a-e0ed-4dc5-be4a-9082de081c98"},"done":false}
[debug] [2025-10-04T11:56:36.147Z] Got source token Cldwcm9qZWN0cy8yMTc2MjczNjMzNzYvbG9jYXRpb25zL3VzLWNlbnRyYWwxL2J1aWxkcy9kODNjNjgzYS1lMGVkLTRkYzUtYmU0YS05MDgyZGUwODFjOTgSYHVzLWNlbnRyYWwxLWRvY2tlci5wa2cuZGV2L3RlYW11cC03MGMxZC9nY2YtYXJ0aWZhY3RzL3RlYW11cC0tNzBjMWRfX3VzLS1jZW50cmFsMV9fYXBpOnZlcnNpb25fMRiwkOjcqgYiOXByb2plY3RzL3RlYW11cC03MGMxZC9sb2NhdGlvbnMvdXMtY2VudHJhbDEvZnVuY3Rpb25zL2FwaSoMCMyWhMcGELj0j8EBMghub2RlanMxODp2CiNnY3IuaW8vZ2FlLXJ1bnRpbWVzL25vZGVqczE4OnN0YWJsZRJPdXMtY2VudHJhbDEtZG9ja2VyLnBrZy5kZXYvc2VydmVybGVzcy1ydW50aW1lcy9nb29nbGUtMjItZnVsbC9ydW50aW1lcy9ub2RlanMxOEAB for region us-central1
[debug] [2025-10-04T11:56:46.152Z] [create-default-us-central1-api] Retrying task index 0
[debug] [2025-10-04T11:56:46.153Z] Checked if tokens are valid: true, expires at: 1759581442833
[debug] [2025-10-04T11:56:46.153Z] Checked if tokens are valid: true, expires at: 1759581442833
[debug] [2025-10-04T11:56:46.153Z] >>> [apiv2][query] GET https://cloudfunctions.googleapis.com/v2/projects/teamup-70c1d/locations/us-central1/operations/operation-1759578911863-64053e3fef2fb-da42962a-ecfe0599 [none]
[debug] [2025-10-04T11:56:47.794Z] <<< [apiv2][status] GET https://cloudfunctions.googleapis.com/v2/projects/teamup-70c1d/locations/us-central1/operations/operation-1759578911863-64053e3fef2fb-da42962a-ecfe0599 200
[debug] [2025-10-04T11:56:47.794Z] <<< [apiv2][body] GET https://cloudfunctions.googleapis.com/v2/projects/teamup-70c1d/locations/us-central1/operations/operation-1759578911863-64053e3fef2fb-da42962a-ecfe0599 {"name":"projects/teamup-70c1d/locations/us-central1/operations/operation-1759578911863-64053e3fef2fb-da42962a-ecfe0599","metadata":{"@type":"type.googleapis.com/google.cloud.functions.v2.OperationMetadata","createTime":"2025-10-04T11:55:12.412110062Z","target":"projects/teamup-70c1d/locations/us-central1/functions/api","verb":"create","cancelRequested":false,"apiVersion":"v2","requestResource":{"@type":"type.googleapis.com/google.cloud.functions.v2.Function","name":"projects/teamup-70c1d/locations/us-central1/functions/api","buildConfig":{"runtime":"nodejs18","entryPoint":"api","source":{"storageSource":{"bucket":"gcf-v2-sources-217627363376-us-central1","object":"api/function-source.zip","generation":"1759578912127816"}},"environmentVariables":{"GOOGLE_NODE_RUN_SCRIPTS":""},"serviceAccount":"projects/teamup-70c1d/serviceAccounts/217627363376-compute@developer.gserviceaccount.com","automaticUpdatePolicy":{}},"serviceConfig":{"service":"projects/teamup-70c1d/locations/us-central1/services/api","timeoutSeconds":60,"environmentVariables":{"RAZORPAY_KEY_ID":"rzp_test_RPLdFyPwusgD4p","RAZORPAY_KEY_SECRET":"NhfD6LLzX0VPE8v1YK4Xf8X5","FIREBASE_CONFIG":"{\"projectId\":\"teamup-70c1d\",\"storageBucket\":\"teamup-70c1d.firebasestorage.app\"}","GCLOUD_PROJECT":"teamup-70c1d","EVENTARC_CLOUD_EVENT_SOURCE":"projects/teamup-70c1d/locations/us-central1/services/api","FUNCTION_TARGET":"api","LOG_EXECUTION_ID":"true"},"ingressSettings":"ALLOW_ALL","serviceAccountEmail":"217627363376-compute@developer.gserviceaccount.com","availableMemory":"256Mi","maxInstanceRequestConcurrency":80,"availableCpu":"1"},"labels":{"deployment-tool":"cli-firebase","firebase-functions-hash":"e29f878296076ff47961455d5dfb9985398d390d"},"environment":"GEN_2"},"stages":[{"name":"BUILD","message":"Build finished","state":"COMPLETE","resource":"projects/217627363376/locations/us-central1/builds/d83c683a-e0ed-4dc5-be4a-9082de081c98","resourceUri":"https://console.cloud.google.com/cloud-build/builds;region=us-central1/d83c683a-e0ed-4dc5-be4a-9082de081c98?project=217627363376"},{"name":"SERVICE","message":"Creating Cloud Run service","state":"IN_PROGRESS","resource":"projects/teamup-70c1d/locations/us-central1/services/api","resourceUri":"https://console.cloud.google.com/run/detail/us-central1/api?project=teamup-70c1d"}],"sourceToken":"Cldwcm9qZWN0cy8yMTc2MjczNjMzNzYvbG9jYXRpb25zL3VzLWNlbnRyYWwxL2J1aWxkcy9kODNjNjgzYS1lMGVkLTRkYzUtYmU0YS05MDgyZGUwODFjOTgSYHVzLWNlbnRyYWwxLWRvY2tlci5wa2cuZGV2L3RlYW11cC03MGMxZC9nY2YtYXJ0aWZhY3RzL3RlYW11cC0tNzBjMWRfX3VzLS1jZW50cmFsMV9fYXBpOnZlcnNpb25fMRiwkOjcqgYiOXByb2plY3RzL3RlYW11cC03MGMxZC9sb2NhdGlvbnMvdXMtY2VudHJhbDEvZnVuY3Rpb25zL2FwaSoMCMyWhMcGELj0j8EBMghub2RlanMxODp2CiNnY3IuaW8vZ2FlLXJ1bnRpbWVzL25vZGVqczE4OnN0YWJsZRJPdXMtY2VudHJhbDEtZG9ja2VyLnBrZy5kZXYvc2VydmVybGVzcy1ydW50aW1lcy9nb29nbGUtMjItZnVsbC9ydW50aW1lcy9ub2RlanMxOEAB","operationType":"CREATE_FUNCTION","buildName":"projects/217627363376/locations/us-central1/builds/d83c683a-e0ed-4dc5-be4a-9082de081c98"},"done":false}
[debug] [2025-10-04T11:56:47.794Z] Got source token Cldwcm9qZWN0cy8yMTc2MjczNjMzNzYvbG9jYXRpb25zL3VzLWNlbnRyYWwxL2J1aWxkcy9kODNjNjgzYS1lMGVkLTRkYzUtYmU0YS05MDgyZGUwODFjOTgSYHVzLWNlbnRyYWwxLWRvY2tlci5wa2cuZGV2L3RlYW11cC03MGMxZC9nY2YtYXJ0aWZhY3RzL3RlYW11cC0tNzBjMWRfX3VzLS1jZW50cmFsMV9fYXBpOnZlcnNpb25fMRiwkOjcqgYiOXByb2plY3RzL3RlYW11cC03MGMxZC9sb2NhdGlvbnMvdXMtY2VudHJhbDEvZnVuY3Rpb25zL2FwaSoMCMyWhMcGELj0j8EBMghub2RlanMxODp2CiNnY3IuaW8vZ2FlLXJ1bnRpbWVzL25vZGVqczE4OnN0YWJsZRJPdXMtY2VudHJhbDEtZG9ja2VyLnBrZy5kZXYvc2VydmVybGVzcy1ydW50aW1lcy9nb29nbGUtMjItZnVsbC9ydW50aW1lcy9ub2RlanMxOEAB for region us-central1
[debug] [2025-10-04T11:56:57.801Z] [create-default-us-central1-api] Retrying task index 0
[debug] [2025-10-04T11:56:57.801Z] Checked if tokens are valid: true, expires at: 1759581442833
[debug] [2025-10-04T11:56:57.801Z] Checked if tokens are valid: true, expires at: 1759581442833
[debug] [2025-10-04T11:56:57.802Z] >>> [apiv2][query] GET https://cloudfunctions.googleapis.com/v2/projects/teamup-70c1d/locations/us-central1/operations/operation-1759578911863-64053e3fef2fb-da42962a-ecfe0599 [none]
[debug] [2025-10-04T11:56:59.281Z] <<< [apiv2][status] GET https://cloudfunctions.googleapis.com/v2/projects/teamup-70c1d/locations/us-central1/operations/operation-1759578911863-64053e3fef2fb-da42962a-ecfe0599 200
[debug] [2025-10-04T11:56:59.281Z] <<< [apiv2][body] GET https://cloudfunctions.googleapis.com/v2/projects/teamup-70c1d/locations/us-central1/operations/operation-1759578911863-64053e3fef2fb-da42962a-ecfe0599 {"name":"projects/teamup-70c1d/locations/us-central1/operations/operation-1759578911863-64053e3fef2fb-da42962a-ecfe0599","metadata":{"@type":"type.googleapis.com/google.cloud.functions.v2.OperationMetadata","createTime":"2025-10-04T11:55:12.412110062Z","target":"projects/teamup-70c1d/locations/us-central1/functions/api","verb":"create","cancelRequested":false,"apiVersion":"v2","requestResource":{"@type":"type.googleapis.com/google.cloud.functions.v2.Function","name":"projects/teamup-70c1d/locations/us-central1/functions/api","buildConfig":{"runtime":"nodejs18","entryPoint":"api","source":{"storageSource":{"bucket":"gcf-v2-sources-217627363376-us-central1","object":"api/function-source.zip","generation":"1759578912127816"}},"environmentVariables":{"GOOGLE_NODE_RUN_SCRIPTS":""},"serviceAccount":"projects/teamup-70c1d/serviceAccounts/217627363376-compute@developer.gserviceaccount.com","automaticUpdatePolicy":{}},"serviceConfig":{"service":"projects/teamup-70c1d/locations/us-central1/services/api","timeoutSeconds":60,"environmentVariables":{"RAZORPAY_KEY_ID":"rzp_test_RPLdFyPwusgD4p","RAZORPAY_KEY_SECRET":"NhfD6LLzX0VPE8v1YK4Xf8X5","FIREBASE_CONFIG":"{\"projectId\":\"teamup-70c1d\",\"storageBucket\":\"teamup-70c1d.firebasestorage.app\"}","GCLOUD_PROJECT":"teamup-70c1d","EVENTARC_CLOUD_EVENT_SOURCE":"projects/teamup-70c1d/locations/us-central1/services/api","FUNCTION_TARGET":"api","LOG_EXECUTION_ID":"true"},"ingressSettings":"ALLOW_ALL","serviceAccountEmail":"217627363376-compute@developer.gserviceaccount.com","availableMemory":"256Mi","maxInstanceRequestConcurrency":80,"availableCpu":"1"},"labels":{"deployment-tool":"cli-firebase","firebase-functions-hash":"e29f878296076ff47961455d5dfb9985398d390d"},"environment":"GEN_2"},"stages":[{"name":"BUILD","message":"Build finished","state":"COMPLETE","resource":"projects/217627363376/locations/us-central1/builds/d83c683a-e0ed-4dc5-be4a-9082de081c98","resourceUri":"https://console.cloud.google.com/cloud-build/builds;region=us-central1/d83c683a-e0ed-4dc5-be4a-9082de081c98?project=217627363376"},{"name":"SERVICE","message":"Creating Cloud Run service","state":"IN_PROGRESS","resource":"projects/teamup-70c1d/locations/us-central1/services/api","resourceUri":"https://console.cloud.google.com/run/detail/us-central1/api?project=teamup-70c1d"}],"sourceToken":"Cldwcm9qZWN0cy8yMTc2MjczNjMzNzYvbG9jYXRpb25zL3VzLWNlbnRyYWwxL2J1aWxkcy9kODNjNjgzYS1lMGVkLTRkYzUtYmU0YS05MDgyZGUwODFjOTgSYHVzLWNlbnRyYWwxLWRvY2tlci5wa2cuZGV2L3RlYW11cC03MGMxZC9nY2YtYXJ0aWZhY3RzL3RlYW11cC0tNzBjMWRfX3VzLS1jZW50cmFsMV9fYXBpOnZlcnNpb25fMRiwkOjcqgYiOXByb2plY3RzL3RlYW11cC03MGMxZC9sb2NhdGlvbnMvdXMtY2VudHJhbDEvZnVuY3Rpb25zL2FwaSoMCMyWhMcGELj0j8EBMghub2RlanMxODp2CiNnY3IuaW8vZ2FlLXJ1bnRpbWVzL25vZGVqczE4OnN0YWJsZRJPdXMtY2VudHJhbDEtZG9ja2VyLnBrZy5kZXYvc2VydmVybGVzcy1ydW50aW1lcy9nb29nbGUtMjItZnVsbC9ydW50aW1lcy9ub2RlanMxOEAB","operationType":"CREATE_FUNCTION","buildName":"projects/217627363376/locations/us-central1/builds/d83c683a-e0ed-4dc5-be4a-9082de081c98"},"done":false}
[debug] [2025-10-04T11:56:59.281Z] Got source token Cldwcm9qZWN0cy8yMTc2MjczNjMzNzYvbG9jYXRpb25zL3VzLWNlbnRyYWwxL2J1aWxkcy9kODNjNjgzYS1lMGVkLTRkYzUtYmU0YS05MDgyZGUwODFjOTgSYHVzLWNlbnRyYWwxLWRvY2tlci5wa2cuZGV2L3RlYW11cC03MGMxZC9nY2YtYXJ0aWZhY3RzL3RlYW11cC0tNzBjMWRfX3VzLS1jZW50cmFsMV9fYXBpOnZlcnNpb25fMRiwkOjcqgYiOXByb2plY3RzL3RlYW11cC03MGMxZC9sb2NhdGlvbnMvdXMtY2VudHJhbDEvZnVuY3Rpb25zL2FwaSoMCMyWhMcGELj0j8EBMghub2RlanMxODp2CiNnY3IuaW8vZ2FlLXJ1bnRpbWVzL25vZGVqczE4OnN0YWJsZRJPdXMtY2VudHJhbDEtZG9ja2VyLnBrZy5kZXYvc2VydmVybGVzcy1ydW50aW1lcy9nb29nbGUtMjItZnVsbC9ydW50aW1lcy9ub2RlanMxOEAB for region us-central1
[debug] [2025-10-04T11:57:09.287Z] [create-default-us-central1-api] Retrying task index 0
[debug] [2025-10-04T11:57:09.288Z] Checked if tokens are valid: true, expires at: 1759581442833
[debug] [2025-10-04T11:57:09.288Z] Checked if tokens are valid: true, expires at: 1759581442833
[debug] [2025-10-04T11:57:09.288Z] >>> [apiv2][query] GET https://cloudfunctions.googleapis.com/v2/projects/teamup-70c1d/locations/us-central1/operations/operation-1759578911863-64053e3fef2fb-da42962a-ecfe0599 [none]
[debug] [2025-10-04T11:57:10.719Z] <<< [apiv2][status] GET https://cloudfunctions.googleapis.com/v2/projects/teamup-70c1d/locations/us-central1/operations/operation-1759578911863-64053e3fef2fb-da42962a-ecfe0599 200
[debug] [2025-10-04T11:57:10.719Z] <<< [apiv2][body] GET https://cloudfunctions.googleapis.com/v2/projects/teamup-70c1d/locations/us-central1/operations/operation-1759578911863-64053e3fef2fb-da42962a-ecfe0599 {"name":"projects/teamup-70c1d/locations/us-central1/operations/operation-1759578911863-64053e3fef2fb-da42962a-ecfe0599","metadata":{"@type":"type.googleapis.com/google.cloud.functions.v2.OperationMetadata","createTime":"2025-10-04T11:55:12.412110062Z","target":"projects/teamup-70c1d/locations/us-central1/functions/api","verb":"create","cancelRequested":false,"apiVersion":"v2","requestResource":{"@type":"type.googleapis.com/google.cloud.functions.v2.Function","name":"projects/teamup-70c1d/locations/us-central1/functions/api","buildConfig":{"runtime":"nodejs18","entryPoint":"api","source":{"storageSource":{"bucket":"gcf-v2-sources-217627363376-us-central1","object":"api/function-source.zip","generation":"1759578912127816"}},"environmentVariables":{"GOOGLE_NODE_RUN_SCRIPTS":""},"serviceAccount":"projects/teamup-70c1d/serviceAccounts/217627363376-compute@developer.gserviceaccount.com","automaticUpdatePolicy":{}},"serviceConfig":{"service":"projects/teamup-70c1d/locations/us-central1/services/api","timeoutSeconds":60,"environmentVariables":{"RAZORPAY_KEY_ID":"rzp_test_RPLdFyPwusgD4p","RAZORPAY_KEY_SECRET":"NhfD6LLzX0VPE8v1YK4Xf8X5","FIREBASE_CONFIG":"{\"projectId\":\"teamup-70c1d\",\"storageBucket\":\"teamup-70c1d.firebasestorage.app\"}","GCLOUD_PROJECT":"teamup-70c1d","EVENTARC_CLOUD_EVENT_SOURCE":"projects/teamup-70c1d/locations/us-central1/services/api","FUNCTION_TARGET":"api","LOG_EXECUTION_ID":"true"},"ingressSettings":"ALLOW_ALL","serviceAccountEmail":"217627363376-compute@developer.gserviceaccount.com","availableMemory":"256Mi","maxInstanceRequestConcurrency":80,"availableCpu":"1"},"labels":{"deployment-tool":"cli-firebase","firebase-functions-hash":"e29f878296076ff47961455d5dfb9985398d390d"},"environment":"GEN_2"},"stages":[{"name":"BUILD","message":"Build finished","state":"COMPLETE","resource":"projects/217627363376/locations/us-central1/builds/d83c683a-e0ed-4dc5-be4a-9082de081c98","resourceUri":"https://console.cloud.google.com/cloud-build/builds;region=us-central1/d83c683a-e0ed-4dc5-be4a-9082de081c98?project=217627363376"},{"name":"SERVICE","message":"Creating Cloud Run service","state":"IN_PROGRESS","resource":"projects/teamup-70c1d/locations/us-central1/services/api","resourceUri":"https://console.cloud.google.com/run/detail/us-central1/api?project=teamup-70c1d"}],"sourceToken":"Cldwcm9qZWN0cy8yMTc2MjczNjMzNzYvbG9jYXRpb25zL3VzLWNlbnRyYWwxL2J1aWxkcy9kODNjNjgzYS1lMGVkLTRkYzUtYmU0YS05MDgyZGUwODFjOTgSYHVzLWNlbnRyYWwxLWRvY2tlci5wa2cuZGV2L3RlYW11cC03MGMxZC9nY2YtYXJ0aWZhY3RzL3RlYW11cC0tNzBjMWRfX3VzLS1jZW50cmFsMV9fYXBpOnZlcnNpb25fMRiwkOjcqgYiOXByb2plY3RzL3RlYW11cC03MGMxZC9sb2NhdGlvbnMvdXMtY2VudHJhbDEvZnVuY3Rpb25zL2FwaSoMCMyWhMcGELj0j8EBMghub2RlanMxODp2CiNnY3IuaW8vZ2FlLXJ1bnRpbWVzL25vZGVqczE4OnN0YWJsZRJPdXMtY2VudHJhbDEtZG9ja2VyLnBrZy5kZXYvc2VydmVybGVzcy1ydW50aW1lcy9nb29nbGUtMjItZnVsbC9ydW50aW1lcy9ub2RlanMxOEAB","operationType":"CREATE_FUNCTION","buildName":"projects/217627363376/locations/us-central1/builds/d83c683a-e0ed-4dc5-be4a-9082de081c98"},"done":false}
[debug] [2025-10-04T11:57:10.719Z] Got source token Cldwcm9qZWN0cy8yMTc2MjczNjMzNzYvbG9jYXRpb25zL3VzLWNlbnRyYWwxL2J1aWxkcy9kODNjNjgzYS1lMGVkLTRkYzUtYmU0YS05MDgyZGUwODFjOTgSYHVzLWNlbnRyYWwxLWRvY2tlci5wa2cuZGV2L3RlYW11cC03MGMxZC9nY2YtYXJ0aWZhY3RzL3RlYW11cC0tNzBjMWRfX3VzLS1jZW50cmFsMV9fYXBpOnZlcnNpb25fMRiwkOjcqgYiOXByb2plY3RzL3RlYW11cC03MGMxZC9sb2NhdGlvbnMvdXMtY2VudHJhbDEvZnVuY3Rpb25zL2FwaSoMCMyWhMcGELj0j8EBMghub2RlanMxODp2CiNnY3IuaW8vZ2FlLXJ1bnRpbWVzL25vZGVqczE4OnN0YWJsZRJPdXMtY2VudHJhbDEtZG9ja2VyLnBrZy5kZXYvc2VydmVybGVzcy1ydW50aW1lcy9nb29nbGUtMjItZnVsbC9ydW50aW1lcy9ub2RlanMxOEAB for region us-central1
[debug] [2025-10-04T11:57:20.725Z] [create-default-us-central1-api] Retrying task index 0
[debug] [2025-10-04T11:57:20.725Z] Checked if tokens are valid: true, expires at: 1759581442833
[debug] [2025-10-04T11:57:20.725Z] Checked if tokens are valid: true, expires at: 1759581442833
[debug] [2025-10-04T11:57:20.726Z] >>> [apiv2][query] GET https://cloudfunctions.googleapis.com/v2/projects/teamup-70c1d/locations/us-central1/operations/operation-1759578911863-64053e3fef2fb-da42962a-ecfe0599 [none]
[debug] [2025-10-04T11:57:22.157Z] <<< [apiv2][status] GET https://cloudfunctions.googleapis.com/v2/projects/teamup-70c1d/locations/us-central1/operations/operation-1759578911863-64053e3fef2fb-da42962a-ecfe0599 200
[debug] [2025-10-04T11:57:22.157Z] <<< [apiv2][body] GET https://cloudfunctions.googleapis.com/v2/projects/teamup-70c1d/locations/us-central1/operations/operation-1759578911863-64053e3fef2fb-da42962a-ecfe0599 {"name":"projects/teamup-70c1d/locations/us-central1/operations/operation-1759578911863-64053e3fef2fb-da42962a-ecfe0599","metadata":{"@type":"type.googleapis.com/google.cloud.functions.v2.OperationMetadata","createTime":"2025-10-04T11:55:12.412110062Z","target":"projects/teamup-70c1d/locations/us-central1/functions/api","verb":"create","cancelRequested":false,"apiVersion":"v2","requestResource":{"@type":"type.googleapis.com/google.cloud.functions.v2.Function","name":"projects/teamup-70c1d/locations/us-central1/functions/api","buildConfig":{"runtime":"nodejs18","entryPoint":"api","source":{"storageSource":{"bucket":"gcf-v2-sources-217627363376-us-central1","object":"api/function-source.zip","generation":"1759578912127816"}},"environmentVariables":{"GOOGLE_NODE_RUN_SCRIPTS":""},"serviceAccount":"projects/teamup-70c1d/serviceAccounts/217627363376-compute@developer.gserviceaccount.com","automaticUpdatePolicy":{}},"serviceConfig":{"service":"projects/teamup-70c1d/locations/us-central1/services/api","timeoutSeconds":60,"environmentVariables":{"RAZORPAY_KEY_ID":"rzp_test_RPLdFyPwusgD4p","RAZORPAY_KEY_SECRET":"NhfD6LLzX0VPE8v1YK4Xf8X5","FIREBASE_CONFIG":"{\"projectId\":\"teamup-70c1d\",\"storageBucket\":\"teamup-70c1d.firebasestorage.app\"}","GCLOUD_PROJECT":"teamup-70c1d","EVENTARC_CLOUD_EVENT_SOURCE":"projects/teamup-70c1d/locations/us-central1/services/api","FUNCTION_TARGET":"api","LOG_EXECUTION_ID":"true"},"ingressSettings":"ALLOW_ALL","serviceAccountEmail":"217627363376-compute@developer.gserviceaccount.com","availableMemory":"256Mi","maxInstanceRequestConcurrency":80,"availableCpu":"1"},"labels":{"deployment-tool":"cli-firebase","firebase-functions-hash":"e29f878296076ff47961455d5dfb9985398d390d"},"environment":"GEN_2"},"stages":[{"name":"ARTIFACT_REGISTRY","state":"NOT_STARTED"},{"name":"SERVICE","state":"NOT_STARTED"}],"operationType":"CREATE_FUNCTION"},"done":false}
[debug] [2025-10-04T11:57:32.163Z] [create-default-us-central1-api] Retrying task index 0
[debug] [2025-10-04T11:57:32.164Z] Checked if tokens are valid: true, expires at: 1759581442833
[debug] [2025-10-04T11:57:32.164Z] Checked if tokens are valid: true, expires at: 1759581442833
[debug] [2025-10-04T11:57:32.164Z] >>> [apiv2][query] GET https://cloudfunctions.googleapis.com/v2/projects/teamup-70c1d/locations/us-central1/operations/operation-1759578911863-64053e3fef2fb-da42962a-ecfe0599 [none]
[debug] [2025-10-04T11:57:33.833Z] <<< [apiv2][status] GET https://cloudfunctions.googleapis.com/v2/projects/teamup-70c1d/locations/us-central1/operations/operation-1759578911863-64053e3fef2fb-da42962a-ecfe0599 200
[debug] [2025-10-04T11:57:33.834Z] <<< [apiv2][body] GET https://cloudfunctions.googleapis.com/v2/projects/teamup-70c1d/locations/us-central1/operations/operation-1759578911863-64053e3fef2fb-da42962a-ecfe0599 {"name":"projects/teamup-70c1d/locations/us-central1/operations/operation-1759578911863-64053e3fef2fb-da42962a-ecfe0599","metadata":{"@type":"type.googleapis.com/google.cloud.functions.v2.OperationMetadata","createTime":"2025-10-04T11:55:12.412110062Z","endTime":"2025-10-04T11:57:23.018426866Z","target":"projects/teamup-70c1d/locations/us-central1/functions/api","verb":"create","cancelRequested":false,"apiVersion":"v2","requestResource":{"@type":"type.googleapis.com/google.cloud.functions.v2.Function","name":"projects/teamup-70c1d/locations/us-central1/functions/api","buildConfig":{"runtime":"nodejs18","entryPoint":"api","source":{"storageSource":{"bucket":"gcf-v2-sources-217627363376-us-central1","object":"api/function-source.zip","generation":"1759578912127816"}},"environmentVariables":{"GOOGLE_NODE_RUN_SCRIPTS":""},"serviceAccount":"projects/teamup-70c1d/serviceAccounts/217627363376-compute@developer.gserviceaccount.com","automaticUpdatePolicy":{}},"serviceConfig":{"service":"projects/teamup-70c1d/locations/us-central1/services/api","timeoutSeconds":60,"environmentVariables":{"RAZORPAY_KEY_ID":"rzp_test_RPLdFyPwusgD4p","RAZORPAY_KEY_SECRET":"NhfD6LLzX0VPE8v1YK4Xf8X5","FIREBASE_CONFIG":"{\"projectId\":\"teamup-70c1d\",\"storageBucket\":\"teamup-70c1d.firebasestorage.app\"}","GCLOUD_PROJECT":"teamup-70c1d","EVENTARC_CLOUD_EVENT_SOURCE":"projects/teamup-70c1d/locations/us-central1/services/api","FUNCTION_TARGET":"api","LOG_EXECUTION_ID":"true"},"ingressSettings":"ALLOW_ALL","serviceAccountEmail":"217627363376-compute@developer.gserviceaccount.com","availableMemory":"256Mi","maxInstanceRequestConcurrency":80,"availableCpu":"1"},"labels":{"deployment-tool":"cli-firebase","firebase-functions-hash":"e29f878296076ff47961455d5dfb9985398d390d"},"environment":"GEN_2"},"stages":[{"name":"ARTIFACT_REGISTRY","message":"Deleting function artifacts in Artifact Registry","state":"COMPLETE"},{"name":"SERVICE","message":"Deleting Cloud Run service","state":"COMPLETE","resource":"projects/teamup-70c1d/locations/us-central1/services/api"}],"operationType":"CREATE_FUNCTION"},"done":true,"error":{"code":3,"message":"Could not create or update Cloud Run service api, Container Healthcheck failed. Revision 'api-00001-maw' is not ready and cannot serve traffic. The user-provided container failed to start and listen on the port defined provided by the PORT=8080 environment variable within the allocated timeout. This can happen when the container port is misconfigured or if the timeout is too short. The health check timeout can be extended. Logs for this revision might contain more information.\n\nLogs URL: https://console.cloud.google.com/logs/viewer?project=teamup-70c1d&resource=cloud_run_revision/service_name/api/revision_name/api-00001-maw&advancedFilter=resource.type%3D%22cloud_run_revision%22%0Aresource.labels.service_name%3D%22api%22%0Aresource.labels.revision_name%3D%22api-00001-maw%22 \nFor more troubleshooting guidance, see https://cloud.google.com/run/docs/troubleshooting#container-failed-to-start"}}
[debug] [2025-10-04T11:57:33.834Z] Got source token undefined for region us-central1
[error] Could not create or update Cloud Run service api, Container Healthcheck failed. Revision 'api-00001-maw' is not ready and cannot serve traffic. The user-provided container failed to start and listen on the port defined provided by the PORT=8080 environment variable within the allocated timeout. This can happen when the container port is misconfigured or if the timeout is too short. The health check timeout can be extended. Logs for this revision might contain more information.

Logs URL: https://console.cloud.google.com/logs/viewer?project=teamup-70c1d&resource=cloud_run_revision/service_name/api/revision_name/api-00001-maw&advancedFilter=resource.type%3D%22cloud_run_revision%22%0Aresource.labels.service_name%3D%22api%22%0Aresource.labels.revision_name%3D%22api-00001-maw%22 
For more troubleshooting guidance, see https://cloud.google.com/run/docs/troubleshooting#container-failed-to-start
[debug] [2025-10-04T11:57:33.854Z] Total Function Deployment time: 141011
[debug] [2025-10-04T11:57:33.854Z] 1 Functions Deployed
[debug] [2025-10-04T11:57:33.854Z] 1 Functions Errored
[debug] [2025-10-04T11:57:33.854Z] 0 Function Deployments Aborted
[debug] [2025-10-04T11:57:33.854Z] Average Function Deployment time: 141010
[info] 
[info] Functions deploy had errors with the following functions:
	api(us-central1)
[debug] [2025-10-04T11:57:34.107Z] Not printing URL for HTTPS function. Typically this means it didn't match a filter or we failed deployment
[debug] [2025-10-04T11:57:34.108Z] Checked if tokens are valid: true, expires at: 1759581442833
[debug] [2025-10-04T11:57:34.108Z] Checked if tokens are valid: true, expires at: 1759581442833
[debug] [2025-10-04T11:57:34.108Z] >>> [apiv2][query] GET https://artifactregistry.googleapis.com/v1/projects/teamup-70c1d/locations/us-central1/repositories/gcf-artifacts [none]
[debug] [2025-10-04T11:57:35.679Z] <<< [apiv2][status] GET https://artifactregistry.googleapis.com/v1/projects/teamup-70c1d/locations/us-central1/repositories/gcf-artifacts 200
[debug] [2025-10-04T11:57:35.679Z] <<< [apiv2][body] GET https://artifactregistry.googleapis.com/v1/projects/teamup-70c1d/locations/us-central1/repositories/gcf-artifacts {"name":"projects/teamup-70c1d/locations/us-central1/repositories/gcf-artifacts","format":"DOCKER","description":"This repository is created and used by Cloud Functions for storing function docker images.","labels":{"goog-managed-by":"cloudfunctions"},"createTime":"2025-10-04T11:48:18.351216Z","updateTime":"2025-10-04T11:57:22.878652Z","mode":"STANDARD_REPOSITORY","sizeBytes":"165705284","vulnerabilityScanningConfig":{"lastEnableTime":"2025-10-04T11:48:06.838256773Z","enablementState":"SCANNING_DISABLED","enablementStateReason":"API containerscanning.googleapis.com is not enabled."},"satisfiesPzi":true,"registryUri":"us-central1-docker.pkg.dev/teamup-70c1d/gcf-artifacts"}
[warn] !  functions: No cleanup policy detected for repositories in us-central1. This may result in a small monthly bill as container images accumulate over time. 
